Timestamp               Ty Process[PID:TID]
2026-10-03 11:57:22.643 Df xctest[73299:bf15a1] [local.OrangeLen:Reader] closed / pending work cancelled
2026-10-03 11:57:22.654 Df xctest[73299:bf15a1] [local.OrangeLen:Reader] closed / pending work cancelled
2026-10-03 11:57:22.665 Df xctest[73299:bf15a1] [local.OrangeLen:Reader] loaded format=text bytes=18 folderChild=false
2026-10-03 11:57:22.667 Df xctest[73299:bf15a1] [local.OrangeLen:Reader] closed / pending work cancelled
2026-10-03 11:59:35.040 Df OrangeLen[73627:bf2493] [local.OrangeLen:Reader] closed / pending work cancelled
2026-10-03 11:59:38.644 Df OrangeLen[73627:bf2493] [local.OrangeLen:Reader] loaded format=markdown bytes=346 folderChild=true
2026-10-03 11:59:53.756 Df OrangeLen[73627:bf2493] [local.OrangeLen:Reader] loaded format=code bytes=103 folderChild=true
2026-10-03 11:59:57.127 Df OrangeLen[73627:bf2493] [local.OrangeLen:Reader] loaded format=code bytes=187 folderChild=true
2026-10-03 12:00:56.693 Df OrangeLenPreview[73850:bf3178] [local.OrangeLen:QuickLook] prepare received extension=OrangeLen type=md
2026-10-03 12:00:56.693 Df OrangeLenPreview[73850:bf3178] [local.OrangeLen:Reader] closed / pending work cancelled
2026-10-03 12:00:56.739 Df OrangeLenPreview[73850:bf3178] [local.OrangeLen:Reader] loaded format=markdown bytes=346 folderChild=false
2026-10-03 12:00:56.739 Df OrangeLenPreview[73850:bf3178] [local.OrangeLen:QuickLook] prepare completed success=true
2026-10-03 12:01:17.553 Df OrangeLenPreview[73850:bf3178] [local.OrangeLen:QuickLook] prepare received extension=OrangeLen type=
2026-10-03 12:01:17.554 Df OrangeLenPreview[73850:bf3178] [local.OrangeLen:Reader] closed / pending work cancelled
2026-10-03 12:01:17.563 Df OrangeLenPreview[73850:bf3178] [local.OrangeLen:QuickLook] prepare completed success=true
2026-10-03 12:01:21.316 Df OrangeLenPreview[73850:bf3178] [local.OrangeLen:Reader] closed / pending work cancelled
2026-10-03 12:01:21.316 Df OrangeLenPreview[73850:bf3178] [local.OrangeLen:QuickLook] preview disappeared
2026-10-03 12:01:21.839 Df OrangeLenPreview[73850:bf3178] [local.OrangeLen:Reader] closed / pending work cancelled
2026-10-03 12:01:21.839 Df OrangeLenPreview[73850:bf3178] [local.OrangeLen:QuickLook] preview disappeared
2026-10-03 12:01:28.000 Df OrangeLenPreview[73850:bf3178] [local.OrangeLen:QuickLook] prepare received extension=OrangeLen type=md
2026-10-03 12:01:28.000 Df OrangeLenPreview[73850:bf3178] [local.OrangeLen:Reader] closed / pending work cancelled
2026-10-03 12:01:28.009 Df OrangeLenPreview[73850:bf3178] [local.OrangeLen:Reader] loaded format=markdown bytes=346 folderChild=false
2026-10-03 12:01:28.009 Df OrangeLenPreview[73850:bf3178] [local.OrangeLen:QuickLook] prepare completed success=true
2026-10-03 12:01:59.443 Df OrangeLenPreview[73850:bf3178] [local.OrangeLen:QuickLook] prepare received extension=OrangeLen type=
2026-10-03 12:01:59.443 Df OrangeLenPreview[73850:bf3178] [local.OrangeLen:Reader] closed / pending work cancelled
2026-10-03 12:01:59.467 Df OrangeLenPreview[73850:bf3178] [local.OrangeLen:Reader] loaded format=text bytes=98 folderChild=false
2026-10-03 12:01:59.467 Df OrangeLenPreview[73850:bf3178] [local.OrangeLen:QuickLook] prepare completed success=true
2026-10-03 12:02:43.194 Df xctest[75672:bf4ae7] [local.OrangeLen:Reader] closed / pending work cancelled
2026-10-03 12:02:43.199 Df xctest[75672:bf4ae7] [local.OrangeLen:Reader] closed / pending work cancelled
2026-10-03 12:02:43.217 Df xctest[75672:bf4ae7] [local.OrangeLen:Reader] loaded format=text bytes=18 folderChild=false
2026-10-03 12:02:43.219 Df xctest[75672:bf4ae7] [local.OrangeLen:Reader] closed / pending work cancelled
2026-10-03 12:03:22.159 Df xctest[75795:bf5136] [local.OrangeLen:Reader] closed / pending work cancelled
2026-10-03 12:03:22.265 Df xctest[75795:bf5136] [local.OrangeLen:Reader] loaded format=code bytes=45 folderChild=false
2026-10-03 12:03:22.397 Df xctest[75795:bf5136] [local.OrangeLen:Reader] closed / pending work cancelled
2026-10-03 12:03:38.592 Df xctest[75848:bf5317] [local.OrangeLen:Reader] closed / pending work cancelled
2026-10-03 12:03:38.675 Df xctest[75848:bf5317] [local.OrangeLen:Reader] loaded format=code bytes=45 folderChild=false
2026-10-03 12:03:38.820 Df xctest[75848:bf5317] [local.OrangeLen:Reader] closed / pending work cancelled
2026-10-03 12:04:08.261 Df xctest[75932:bf56a6] [local.OrangeLen:Reader] closed / pending work cancelled
2026-10-03 12:04:08.332 Df xctest[75932:bf56a6] [local.OrangeLen:Reader] loaded format=code bytes=45 folderChild=false
2026-10-03 12:04:08.423 Df xctest[75932:bf56a6] [local.OrangeLen:Reader] closed / pending work cancelled
2026-10-03 12:05:13.215 Df xctest[76103:bf5d86] [local.OrangeLen:Reader] closed / pending work cancelled
2026-10-03 12:05:13.327 Df xctest[76103:bf5d86] [local.OrangeLen:Reader] load failed code=20
2026-10-03 12:05:13.364 Df xctest[76103:bf5d86] [local.OrangeLen:Reader] closed / pending work cancelled
2026-10-03 12:05:13.432 Df xctest[76103:bf5d86] [local.OrangeLen:Reader] closed / pending work cancelled
2026-10-03 12:05:13.432 Df xctest[76103:bf5d86] [local.OrangeLen:Reader] closed / pending work cancelled
2026-10-03 12:05:13.437 Df xctest[76103:bf5d86] [local.OrangeLen:Reader] load failed code=20
2026-10-03 12:05:13.438 Df xctest[76103:bf5d86] [local.OrangeLen:Reader] closed / pending work cancelled
2026-10-03 12:05:33.320 Df xctest[76134:bf5f26] [local.OrangeLen:Reader] closed / pending work cancelled
2026-10-03 12:05:33.464 Df xctest[76134:bf5f26] [local.OrangeLen:Reader] load failed code=20
2026-10-03 12:05:33.511 Df xctest[76134:bf5f26] [local.OrangeLen:Reader] closed / pending work cancelled
2026-10-03 12:05:33.633 Df xctest[76134:bf5f26] [local.OrangeLen:Reader] closed / pending work cancelled
2026-10-03 12:05:33.634 Df xctest[76134:bf5f26] [local.OrangeLen:Reader] closed / pending work cancelled
2026-10-03 12:05:33.638 Df xctest[76134:bf5f26] [local.OrangeLen:Reader] load failed code=20
2026-10-03 12:05:33.640 Df xctest[76134:bf5f26] [local.OrangeLen:Reader] closed / pending work cancelled
2026-10-03 12:05:59.009 Df xctest[76255:bf6246] [local.OrangeLen:Reader] closed / pending work cancelled
2026-10-03 12:05:59.112 Df xctest[76255:bf6246] [local.OrangeLen:Reader] search event queryLength=0
2026-10-03 12:05:59.112 Df xctest[76255:bf6246] [local.OrangeLen:Reader] loaded format=code bytes=45 folderChild=false
2026-10-03 12:05:59.204 Df xctest[76255:bf6246] [local.OrangeLen:Reader] closed / pending work cancelled
2026-10-03 12:05:59.289 Df xctest[76255:bf6246] [local.OrangeLen:Reader] closed / pending work cancelled
2026-10-03 12:05:59.289 Df xctest[76255:bf6246] [local.OrangeLen:Reader] closed / pending work cancelled
2026-10-03 12:05:59.303 Df xctest[76255:bf6246] [local.OrangeLen:Reader] search event queryLength=0
2026-10-03 12:05:59.303 Df xctest[76255:bf6246] [local.OrangeLen:Reader] loaded format=text bytes=18 folderChild=false
2026-10-03 12:05:59.306 Df xctest[76255:bf6246] [local.OrangeLen:Reader] closed / pending work cancelled
2026-10-03 12:06:20.304 Df OrangeLen[73627:bf2493] [local.OrangeLen:Reader] closed / pending work cancelled
2026-10-03 12:06:45.317 Df OrangeLenPreview[76368:bf6812] [local.OrangeLen:QuickLook] prepare received extension=OrangeLen type=
2026-10-03 12:06:45.317 Df OrangeLenPreview[76368:bf6812] [local.OrangeLen:Reader] closed / pending work cancelled
2026-10-03 12:06:45.351 Df OrangeLenPreview[76368:bf6812] [local.OrangeLen:Reader] search event queryLength=0
2026-10-03 12:06:45.351 Df OrangeLenPreview[76368:bf6812] [local.OrangeLen:Reader] loaded format=text bytes=98 folderChild=false
2026-10-03 12:06:45.351 Df OrangeLenPreview[76368:bf6812] [local.OrangeLen:QuickLook] prepare completed success=true
2026-10-03 12:07:05.443 Df OrangeLenPreview[76368:bf6812] [local.OrangeLen:Reader] search event queryLength=0
2026-10-03 12:07:17.306 Df OrangeLenPreview[76368:bf6812] [local.OrangeLen:Reader] search event queryLength=7
2026-10-03 12:08:04.931 Df OrangeLenPreview[76368:bf6812] [local.OrangeLen:Reader] closed / pending work cancelled
2026-10-03 12:08:04.931 Df OrangeLenPreview[76368:bf6812] [local.OrangeLen:QuickLook] preview disappeared
2026-10-03 12:08:05.664 Df OrangeLenPreview[76368:bf6812] [local.OrangeLen:QuickLook] prepare received extension=OrangeLen type=toml
2026-10-03 12:08:05.664 Df OrangeLenPreview[76368:bf6812] [local.OrangeLen:Reader] closed / pending work cancelled
2026-10-03 12:08:05.696 Df OrangeLenPreview[76368:bf6812] [local.OrangeLen:Reader] search event queryLength=0
2026-10-03 12:08:05.696 Df OrangeLenPreview[76368:bf6812] [local.OrangeLen:Reader] loaded format=code bytes=46 folderChild=false
2026-10-03 12:08:05.696 Df OrangeLenPreview[76368:bf6812] [local.OrangeLen:QuickLook] prepare completed success=true
2026-10-03 12:08:08.120 Df OrangeLenPreview[76368:bf6812] [local.OrangeLen:Reader] closed / pending work cancelled
2026-10-03 12:08:08.120 Df OrangeLenPreview[76368:bf6812] [local.OrangeLen:QuickLook] preview disappeared
2026-10-03 12:08:09.076 Df OrangeLenPreview[76368:bf6812] [local.OrangeLen:QuickLook] prepare received extension=OrangeLen type=yaml
2026-10-03 12:08:09.076 Df OrangeLenPreview[76368:bf6812] [local.OrangeLen:Reader] closed / pending work cancelled
2026-10-03 12:08:09.084 Df OrangeLenPreview[76368:bf6812] [local.OrangeLen:Reader] search event queryLength=0
2026-10-03 12:08:09.084 Df OrangeLenPreview[76368:bf6812] [local.OrangeLen:Reader] loaded format=code bytes=74 folderChild=false
2026-10-03 12:08:09.084 Df OrangeLenPreview[76368:bf6812] [local.OrangeLen:QuickLook] prepare completed success=true
2026-10-03 12:08:11.282 Df OrangeLenPreview[76368:bf6812] [local.OrangeLen:Reader] closed / pending work cancelled
2026-10-03 12:08:11.282 Df OrangeLenPreview[76368:bf6812] [local.OrangeLen:QuickLook] preview disappeared
2026-10-03 12:08:16.111 Df OrangeLenPreview[76368:bf6812] [local.OrangeLen:QuickLook] prepare received extension=OrangeLen type=json
2026-10-03 12:08:16.111 Df OrangeLenPreview[76368:bf6812] [local.OrangeLen:Reader] closed / pending work cancelled
2026-10-03 12:08:16.119 Df OrangeLenPreview[76368:bf6812] [local.OrangeLen:Reader] search event queryLength=0
2026-10-03 12:08:16.119 Df OrangeLenPreview[76368:bf6812] [local.OrangeLen:Reader] loaded format=json bytes=120 folderChild=false
2026-10-03 12:08:16.119 Df OrangeLenPreview[76368:bf6812] [local.OrangeLen:QuickLook] prepare completed success=true
2026-10-03 12:08:18.608 Df OrangeLenPreview[76368:bf6812] [local.OrangeLen:Reader] closed / pending work cancelled
2026-10-03 12:08:18.608 Df OrangeLenPreview[76368:bf6812] [local.OrangeLen:QuickLook] preview disappeared
2026-10-03 12:08:19.627 Df OrangeLenPreview[76368:bf6812] [local.OrangeLen:QuickLook] prepare received extension=OrangeLen type=tsv
2026-10-03 12:08:19.627 Df OrangeLenPreview[76368:bf6812] [local.OrangeLen:Reader] closed / pending work cancelled
2026-10-03 12:08:19.634 Df OrangeLenPreview[76368:bf6812] [local.OrangeLen:Reader] search event queryLength=0
2026-10-03 12:08:19.634 Df OrangeLenPreview[76368:bf6812] [local.OrangeLen:Reader] loaded format=tsv bytes=36 folderChild=false
2026-10-03 12:08:19.634 Df OrangeLenPreview[76368:bf6812] [local.OrangeLen:QuickLook] prepare completed success=true
2026-10-03 12:08:22.050 Df OrangeLenPreview[76368:bf6812] [local.OrangeLen:Reader] closed / pending work cancelled
2026-10-03 12:08:22.050 Df OrangeLenPreview[76368:bf6812] [local.OrangeLen:QuickLook] preview disappeared
2026-10-03 12:08:22.829 Df OrangeLenPreview[76368:bf6812] [local.OrangeLen:QuickLook] prepare received extension=OrangeLen type=xml
2026-10-03 12:08:22.829 Df OrangeLenPreview[76368:bf6812] [local.OrangeLen:Reader] closed / pending work cancelled
2026-10-03 12:08:22.834 Df OrangeLenPreview[76368:bf6812] [local.OrangeLen:Reader] search event queryLength=0
2026-10-03 12:08:22.834 Df OrangeLenPreview[76368:bf6812] [local.OrangeLen:Reader] loaded format=code bytes=186 folderChild=false
2026-10-03 12:08:22.834 Df OrangeLenPreview[76368:bf6812] [local.OrangeLen:QuickLook] prepare completed success=true
2026-10-03 12:08:25.289 Df OrangeLenPreview[76368:bf6812] [local.OrangeLen:Reader] closed / pending work cancelled
2026-10-03 12:08:25.289 Df OrangeLenPreview[76368:bf6812] [local.OrangeLen:QuickLook] preview disappeared
2026-10-03 12:09:39.318 Df xctest[76755:bf7a50] [local.OrangeLen:Reader] closed / pending work cancelled
2026-10-03 12:09:39.402 Df xctest[76755:bf7a50] [local.OrangeLen:Reader] search event queryLength=0
2026-10-03 12:09:39.402 Df xctest[76755:bf7a50] [local.OrangeLen:Reader] loaded format=code bytes=45 folderChild=false
2026-10-03 12:09:39.505 Df xctest[76755:bf7a50] [local.OrangeLen:Reader] closed / pending work cancelled
2026-10-03 12:09:39.570 Df xctest[76755:bf7a50] [local.OrangeLen:Reader] closed / pending work cancelled
2026-10-03 12:09:39.570 Df xctest[76755:bf7a50] [local.OrangeLen:Reader] closed / pending work cancelled
2026-10-03 12:09:39.581 Df xctest[76755:bf7a50] [local.OrangeLen:Reader] search event queryLength=0
2026-10-03 12:09:39.581 Df xctest[76755:bf7a50] [local.OrangeLen:Reader] loaded format=text bytes=18 folderChild=false
2026-10-03 12:09:39.582 Df xctest[76755:bf7a50] [local.OrangeLen:Reader] closed / pending work cancelled
2026-10-03 12:10:35.233 Df xctest[76907:bf80a5] [local.OrangeLen:Reader] closed / pending work cancelled
2026-10-03 12:10:35.371 Df xctest[76907:bf80a5] [local.OrangeLen:Reader] search event queryLength=0
2026-10-03 12:10:35.371 Df xctest[76907:bf80a5] [local.OrangeLen:Reader] loaded format=code bytes=45 folderChild=false
2026-10-03 12:10:35.504 Df xctest[76907:bf80a5] [local.OrangeLen:Reader] closed / pending work cancelled
2026-10-03 12:10:35.575 Df xctest[76907:bf80a5] [local.OrangeLen:Reader] closed / pending work cancelled
2026-10-03 12:10:35.575 Df xctest[76907:bf80a5] [local.OrangeLen:Reader] closed / pending work cancelled
2026-10-03 12:10:35.580 Df xctest[76907:bf80a5] [local.OrangeLen:Reader] search event queryLength=0
2026-10-03 12:10:35.580 Df xctest[76907:bf80a5] [local.OrangeLen:Reader] loaded format=text bytes=18 folderChild=false
2026-10-03 12:10:35.581 Df xctest[76907:bf80a5] [local.OrangeLen:Reader] closed / pending work cancelled
2026-10-03 12:10:35.605 Df xctest[76907:bf80a5] [local.OrangeLen:Reader] closed / pending work cancelled
2026-10-03 12:12:44.970 Df xctest[77150:bf8a4c] [local.OrangeLen:Reader] closed / pending work cancelled
2026-10-03 12:12:45.076 Df xctest[77150:bf8a4c] [local.OrangeLen:Reader] search event queryLength=0
2026-10-03 12:12:45.076 Df xctest[77150:bf8a4c] [local.OrangeLen:Reader] loaded format=code bytes=45 folderChild=false
2026-10-03 12:12:45.558 Df xctest[77150:bf8a4c] [local.OrangeLen:Reader] closed / pending work cancelled
2026-10-03 12:12:45.644 Df xctest[77150:bf8a4c] [local.OrangeLen:Reader] closed / pending work cancelled
2026-10-03 12:12:45.644 Df xctest[77150:bf8a4c] [local.OrangeLen:Reader] closed / pending work cancelled
2026-10-03 12:12:45.659 Df xctest[77150:bf8a4c] [local.OrangeLen:Reader] search event queryLength=0
2026-10-03 12:12:45.659 Df xctest[77150:bf8a4c] [local.OrangeLen:Reader] loaded format=text bytes=18 folderChild=false
2026-10-03 12:12:45.661 Df xctest[77150:bf8a4c] [local.OrangeLen:Reader] closed / pending work cancelled
2026-10-03 12:12:45.779 Df xctest[77150:bf8a4c] [local.OrangeLen:Reader] closed / pending work cancelled
2026-10-03 12:12:45.897 Df xctest[77150:bf8a4c] [local.OrangeLen:Reader] search event queryLength=0
2026-10-03 12:12:45.897 Df xctest[77150:bf8a4c] [local.OrangeLen:Reader] loaded format=code bytes=1048646 folderChild=false
2026-10-03 12:12:46.107 Df xctest[77150:bf8a4c] [local.OrangeLen:Reader] closed / pending work cancelled
2026-10-03 12:12:46.239 Df xctest[77150:bf8a4c] [local.OrangeLen:Reader] search event queryLength=0
2026-10-03 12:12:46.239 Df xctest[77150:bf8a4c] [local.OrangeLen:Reader] loaded format=code bytes=1048646 folderChild=false
2026-10-03 12:12:46.356 Df xctest[77150:bf8a4c] [local.OrangeLen:Reader] closed / pending work cancelled
2026-10-03 12:12:46.487 Df xctest[77150:bf8a4c] [local.OrangeLen:Reader] search event queryLength=0
2026-10-03 12:12:46.487 Df xctest[77150:bf8a4c] [local.OrangeLen:Reader] loaded format=code bytes=1048646 folderChild=false
2026-10-03 12:12:46.612 Df xctest[77150:bf8a4c] [local.OrangeLen:Reader] closed / pending work cancelled
2026-10-03 12:12:46.872 Df xctest[77150:bf8a4c] [local.OrangeLen:Reader] search event queryLength=0
2026-10-03 12:12:46.873 Df xctest[77150:bf8a4c] [local.OrangeLen:Reader] loaded format=code bytes=1048646 folderChild=false
2026-10-03 12:12:47.017 Df xctest[77150:bf8a4c] [local.OrangeLen:Reader] closed / pending work cancelled
2026-10-03 12:12:47.147 Df xctest[77150:bf8a4c] [local.OrangeLen:Reader] search event queryLength=0
2026-10-03 12:12:47.147 Df xctest[77150:bf8a4c] [local.OrangeLen:Reader] loaded format=code bytes=1048646 folderChild=false
2026-10-03 12:12:47.276 Df xctest[77150:bf8a4c] [local.OrangeLen:Reader] closed / pending work cancelled
2026-10-03 12:12:47.414 Df xctest[77150:bf8a4c] [local.OrangeLen:Reader] search event queryLength=0
2026-10-03 12:12:47.414 Df xctest[77150:bf8a4c] [local.OrangeLen:Reader] loaded format=code bytes=1048646 folderChild=false
2026-10-03 12:12:47.561 Df xctest[77150:bf8a4c] [local.OrangeLen:Reader] closed / pending work cancelled
2026-10-03 12:12:47.797 Df xctest[77150:bf8a4c] [local.OrangeLen:Reader] search event queryLength=0
2026-10-03 12:12:47.797 Df xctest[77150:bf8a4c] [local.OrangeLen:Reader] loaded format=code bytes=1048646 folderChild=false
2026-10-03 12:12:47.914 Df xctest[77150:bf8a4c] [local.OrangeLen:Reader] closed / pending work cancelled
2026-10-03 12:12:48.040 Df xctest[77150:bf8a4c] [local.OrangeLen:Reader] search event queryLength=0
2026-10-03 12:12:48.040 Df xctest[77150:bf8a4c] [local.OrangeLen:Reader] loaded format=code bytes=1048646 folderChild=false
2026-10-03 12:12:48.152 Df xctest[77150:bf8a4c] [local.OrangeLen:Reader] closed / pending work cancelled
2026-10-03 12:12:48.275 Df xctest[77150:bf8a4c] [local.OrangeLen:Reader] search event queryLength=0
2026-10-03 12:12:48.275 Df xctest[77150:bf8a4c] [local.OrangeLen:Reader] loaded format=code bytes=1048646 folderChild=false
2026-10-03 12:12:48.386 Df xctest[77150:bf8a4c] [local.OrangeLen:Reader] closed / pending work cancelled
2026-10-03 12:12:48.509 Df xctest[77150:bf8a4c] [local.OrangeLen:Reader] search event queryLength=0
2026-10-03 12:12:48.509 Df xctest[77150:bf8a4c] [local.OrangeLen:Reader] loaded format=code bytes=1048646 folderChild=false
2026-10-03 12:12:48.626 Df xctest[77150:bf8a4c] [local.OrangeLen:Reader] closed / pending work cancelled
2026-10-03 12:12:48.784 Df xctest[77150:bf8a4c] [local.OrangeLen:Reader] search event queryLength=0
2026-10-03 12:12:48.784 Df xctest[77150:bf8a4c] [local.OrangeLen:Reader] loaded format=code bytes=1048646 folderChild=false
2026-10-03 12:12:48.895 Df xctest[77150:bf8a4c] [local.OrangeLen:Reader] closed / pending work cancelled
2026-10-03 12:12:49.020 Df xctest[77150:bf8a4c] [local.OrangeLen:Reader] search event queryLength=0
2026-10-03 12:12:49.020 Df xctest[77150:bf8a4c] [local.OrangeLen:Reader] loaded format=code bytes=1048646 folderChild=false
2026-10-03 12:12:49.132 Df xctest[77150:bf8a4c] [local.OrangeLen:Reader] closed / pending work cancelled
2026-10-03 12:12:49.270 Df xctest[77150:bf8a4c] [local.OrangeLen:Reader] search event queryLength=0
2026-10-03 12:12:49.270 Df xctest[77150:bf8a4c] [local.OrangeLen:Reader] loaded format=code bytes=1048646 folderChild=false
2026-10-03 12:12:49.394 Df xctest[77150:bf8a4c] [local.OrangeLen:Reader] closed / pending work cancelled
2026-10-03 12:12:49.517 Df xctest[77150:bf8a4c] [local.OrangeLen:Reader] search event queryLength=0
2026-10-03 12:12:49.517 Df xctest[77150:bf8a4c] [local.OrangeLen:Reader] loaded format=code bytes=1048646 folderChild=false
2026-10-03 12:12:49.680 Df xctest[77150:bf8a4c] [local.OrangeLen:Reader] closed / pending work cancelled
2026-10-03 12:12:49.866 Df xctest[77150:bf8a4c] [local.OrangeLen:Reader] search event queryLength=0
2026-10-03 12:12:49.866 Df xctest[77150:bf8a4c] [local.OrangeLen:Reader] loaded format=code bytes=1048646 folderChild=false
2026-10-03 12:12:49.979 Df xctest[77150:bf8a4c] [local.OrangeLen:Reader] closed / pending work cancelled
2026-10-03 12:12:50.100 Df xctest[77150:bf8a4c] [local.OrangeLen:Reader] search event queryLength=0
2026-10-03 12:12:50.100 Df xctest[77150:bf8a4c] [local.OrangeLen:Reader] loaded format=code bytes=1048646 folderChild=false
2026-10-03 12:12:50.211 Df xctest[77150:bf8a4c] [local.OrangeLen:Reader] closed / pending work cancelled
2026-10-03 12:12:50.333 Df xctest[77150:bf8a4c] [local.OrangeLen:Reader] search event queryLength=0
2026-10-03 12:12:50.333 Df xctest[77150:bf8a4c] [local.OrangeLen:Reader] loaded format=code bytes=1048646 folderChild=false
2026-10-03 12:12:50.444 Df xctest[77150:bf8a4c] [local.OrangeLen:Reader] closed / pending work cancelled
2026-10-03 12:12:50.567 Df xctest[77150:bf8a4c] [local.OrangeLen:Reader] search event queryLength=0
2026-10-03 12:12:50.567 Df xctest[77150:bf8a4c] [local.OrangeLen:Reader] loaded format=code bytes=1048646 folderChild=false
2026-10-03 12:12:50.706 Df xctest[77150:bf8a4c] [local.OrangeLen:Reader] closed / pending work cancelled
2026-10-03 12:12:50.832 Df xctest[77150:bf8a4c] [local.OrangeLen:Reader] search event queryLength=0
2026-10-03 12:12:50.832 Df xctest[77150:bf8a4c] [local.OrangeLen:Reader] loaded format=code bytes=1048646 folderChild=false
2026-10-03 12:12:50.951 Df xctest[77150:bf8a4c] [local.OrangeLen:Reader] closed / pending work cancelled
2026-10-03 12:12:51.075 Df xctest[77150:bf8a4c] [local.OrangeLen:Reader] search event queryLength=0
2026-10-03 12:12:51.075 Df xctest[77150:bf8a4c] [local.OrangeLen:Reader] loaded format=code bytes=1048646 folderChild=false
2026-10-03 12:12:51.186 Df xctest[77150:bf8a4c] [local.OrangeLen:Reader] closed / pending work cancelled
2026-10-03 12:12:51.309 Df xctest[77150:bf8a4c] [local.OrangeLen:Reader] search event queryLength=0
2026-10-03 12:12:51.309 Df xctest[77150:bf8a4c] [local.OrangeLen:Reader] loaded format=code bytes=1048646 folderChild=false
2026-10-03 12:12:51.420 Df xctest[77150:bf8a4c] [local.OrangeLen:Reader] closed / pending work cancelled
2026-10-03 12:13:20.052 Df xctest[77246:bf8d6b] [local.OrangeLen:Reader] closed / pending work cancelled
2026-10-03 12:13:20.135 Df xctest[77246:bf8d6b] [local.OrangeLen:Reader] search event queryLength=0
2026-10-03 12:13:20.136 Df xctest[77246:bf8d6b] [local.OrangeLen:Reader] loaded format=code bytes=45 folderChild=false
2026-10-03 12:13:20.231 Df xctest[77246:bf8d6b] [local.OrangeLen:Reader] closed / pending work cancelled
2026-10-03 12:13:20.293 Df xctest[77246:bf8d6b] [local.OrangeLen:Reader] closed / pending work cancelled
2026-10-03 12:13:20.293 Df xctest[77246:bf8d6b] [local.OrangeLen:Reader] closed / pending work cancelled
2026-10-03 12:13:20.301 Df xctest[77246:bf8d6b] [local.OrangeLen:Reader] search event queryLength=0
2026-10-03 12:13:20.301 Df xctest[77246:bf8d6b] [local.OrangeLen:Reader] loaded format=text bytes=18 folderChild=false
2026-10-03 12:13:20.302 Df xctest[77246:bf8d6b] [local.OrangeLen:Reader] closed / pending work cancelled
2026-10-03 12:13:20.333 Df xctest[77246:bf8d6b] [local.OrangeLen:Reader] closed / pending work cancelled
2026-10-03 12:13:20.445 Df xctest[77246:bf8d6b] [local.OrangeLen:Reader] search event queryLength=0
2026-10-03 12:13:20.445 Df xctest[77246:bf8d6b] [local.OrangeLen:Reader] loaded format=code bytes=1048646 folderChild=false
2026-10-03 12:13:20.629 Df xctest[77246:bf8d6b] [local.OrangeLen:Reader] closed / pending work cancelled
2026-10-03 12:13:20.899 Df xctest[77246:bf8d6b] [local.OrangeLen:Reader] search event queryLength=0
2026-10-03 12:13:20.899 Df xctest[77246:bf8d6b] [local.OrangeLen:Reader] loaded format=code bytes=1048646 folderChild=false
2026-10-03 12:13:21.012 Df xctest[77246:bf8d6b] [local.OrangeLen:Reader] closed / pending work cancelled
2026-10-03 12:13:21.136 Df xctest[77246:bf8d6b] [local.OrangeLen:Reader] search event queryLength=0
2026-10-03 12:13:21.136 Df xctest[77246:bf8d6b] [local.OrangeLen:Reader] loaded format=code bytes=1048646 folderChild=false
2026-10-03 12:13:21.247 Df xctest[77246:bf8d6b] [local.OrangeLen:Reader] closed / pending work cancelled
2026-10-03 12:13:21.375 Df xctest[77246:bf8d6b] [local.OrangeLen:Reader] search event queryLength=0
2026-10-03 12:13:21.375 Df xctest[77246:bf8d6b] [local.OrangeLen:Reader] loaded format=code bytes=1048646 folderChild=false
2026-10-03 12:13:21.486 Df xctest[77246:bf8d6b] [local.OrangeLen:Reader] closed / pending work cancelled
2026-10-03 12:13:21.627 Df xctest[77246:bf8d6b] [local.OrangeLen:Reader] search event queryLength=0
2026-10-03 12:13:21.627 Df xctest[77246:bf8d6b] [local.OrangeLen:Reader] loaded format=code bytes=1048646 folderChild=false
2026-10-03 12:13:21.775 Df xctest[77246:bf8d6b] [local.OrangeLen:Reader] closed / pending work cancelled
2026-10-03 12:13:21.898 Df xctest[77246:bf8d6b] [local.OrangeLen:Reader] search event queryLength=0
2026-10-03 12:13:21.898 Df xctest[77246:bf8d6b] [local.OrangeLen:Reader] loaded format=code bytes=1048646 folderChild=false
2026-10-03 12:13:22.008 Df xctest[77246:bf8d6b] [local.OrangeLen:Reader] closed / pending work cancelled
2026-10-03 12:13:22.131 Df xctest[77246:bf8d6b] [local.OrangeLen:Reader] search event queryLength=0
2026-10-03 12:13:22.131 Df xctest[77246:bf8d6b] [local.OrangeLen:Reader] loaded format=code bytes=1048646 folderChild=false
2026-10-03 12:13:22.242 Df xctest[77246:bf8d6b] [local.OrangeLen:Reader] closed / pending work cancelled
2026-10-03 12:13:22.364 Df xctest[77246:bf8d6b] [local.OrangeLen:Reader] search event queryLength=0
2026-10-03 12:13:22.364 Df xctest[77246:bf8d6b] [local.OrangeLen:Reader] loaded format=code bytes=1048646 folderChild=false
2026-10-03 12:13:22.475 Df xctest[77246:bf8d6b] [local.OrangeLen:Reader] closed / pending work cancelled
2026-10-03 12:13:22.598 Df xctest[77246:bf8d6b] [local.OrangeLen:Reader] search event queryLength=0
2026-10-03 12:13:22.598 Df xctest[77246:bf8d6b] [local.OrangeLen:Reader] loaded format=code bytes=1048646 folderChild=false
2026-10-03 12:13:22.767 Df xctest[77246:bf8d6b] [local.OrangeLen:Reader] closed / pending work cancelled
2026-10-03 12:13:22.899 Df xctest[77246:bf8d6b] [local.OrangeLen:Reader] search event queryLength=0
2026-10-03 12:13:22.899 Df xctest[77246:bf8d6b] [local.OrangeLen:Reader] loaded format=code bytes=1048646 folderChild=false
2026-10-03 12:13:23.018 Df xctest[77246:bf8d6b] [local.OrangeLen:Reader] closed / pending work cancelled
2026-10-03 12:13:23.142 Df xctest[77246:bf8d6b] [local.OrangeLen:Reader] search event queryLength=0
2026-10-03 12:13:23.142 Df xctest[77246:bf8d6b] [local.OrangeLen:Reader] loaded format=code bytes=1048646 folderChild=false
2026-10-03 12:13:23.265 Df xctest[77246:bf8d6b] [local.OrangeLen:Reader] closed / pending work cancelled
2026-10-03 12:13:23.391 Df xctest[77246:bf8d6b] [local.OrangeLen:Reader] search event queryLength=0
2026-10-03 12:13:23.391 Df xctest[77246:bf8d6b] [local.OrangeLen:Reader] loaded format=code bytes=1048646 folderChild=false
2026-10-03 12:13:23.505 Df xctest[77246:bf8d6b] [local.OrangeLen:Reader] closed / pending work cancelled
2026-10-03 12:13:23.640 Df xctest[77246:bf8d6b] [local.OrangeLen:Reader] search event queryLength=0
2026-10-03 12:13:23.640 Df xctest[77246:bf8d6b] [local.OrangeLen:Reader] loaded format=code bytes=1048646 folderChild=false
2026-10-03 12:13:23.775 Df xctest[77246:bf8d6b] [local.OrangeLen:Reader] closed / pending work cancelled
2026-10-03 12:13:23.898 Df xctest[77246:bf8d6b] [local.OrangeLen:Reader] search event queryLength=0
2026-10-03 12:13:23.898 Df xctest[77246:bf8d6b] [local.OrangeLen:Reader] loaded format=code bytes=1048646 folderChild=false
2026-10-03 12:13:24.008 Df xctest[77246:bf8d6b] [local.OrangeLen:Reader] closed / pending work cancelled
2026-10-03 12:13:24.130 Df xctest[77246:bf8d6b] [local.OrangeLen:Reader] search event queryLength=0
2026-10-03 12:13:24.130 Df xctest[77246:bf8d6b] [local.OrangeLen:Reader] loaded format=code bytes=1048646 folderChild=false
2026-10-03 12:13:24.241 Df xctest[77246:bf8d6b] [local.OrangeLen:Reader] closed / pending work cancelled
2026-10-03 12:13:24.366 Df xctest[77246:bf8d6b] [local.OrangeLen:Reader] search event queryLength=0
2026-10-03 12:13:24.366 Df xctest[77246:bf8d6b] [local.OrangeLen:Reader] loaded format=code bytes=1048646 folderChild=false
2026-10-03 12:13:24.481 Df xctest[77246:bf8d6b] [local.OrangeLen:Reader] closed / pending work cancelled
2026-10-03 12:13:24.608 Df xctest[77246:bf8d6b] [local.OrangeLen:Reader] search event queryLength=0
2026-10-03 12:13:24.608 Df xctest[77246:bf8d6b] [local.OrangeLen:Reader] loaded format=code bytes=1048646 folderChild=false
2026-10-03 12:13:24.759 Df xctest[77246:bf8d6b] [local.OrangeLen:Reader] closed / pending work cancelled
2026-10-03 12:13:24.881 Df xctest[77246:bf8d6b] [local.OrangeLen:Reader] search event queryLength=0
2026-10-03 12:13:24.881 Df xctest[77246:bf8d6b] [local.OrangeLen:Reader] loaded format=code bytes=1048646 folderChild=false
2026-10-03 12:13:24.991 Df xctest[77246:bf8d6b] [local.OrangeLen:Reader] closed / pending work cancelled
2026-10-03 12:13:25.112 Df xctest[77246:bf8d6b] [local.OrangeLen:Reader] search event queryLength=0
2026-10-03 12:13:25.112 Df xctest[77246:bf8d6b] [local.OrangeLen:Reader] loaded format=code bytes=1048646 folderChild=false
2026-10-03 12:13:25.221 Df xctest[77246:bf8d6b] [local.OrangeLen:Reader] closed / pending work cancelled
2026-10-03 12:13:25.343 Df xctest[77246:bf8d6b] [local.OrangeLen:Reader] search event queryLength=0
2026-10-03 12:13:25.343 Df xctest[77246:bf8d6b] [local.OrangeLen:Reader] loaded format=code bytes=1048646 folderChild=false
2026-10-03 12:13:25.453 Df xctest[77246:bf8d6b] [local.OrangeLen:Reader] closed / pending work cancelled
2026-10-03 12:13:25.576 Df xctest[77246:bf8d6b] [local.OrangeLen:Reader] search event queryLength=0
2026-10-03 12:13:25.576 Df xctest[77246:bf8d6b] [local.OrangeLen:Reader] loaded format=code bytes=1048646 folderChild=false
2026-10-03 12:13:25.723 Df xctest[77246:bf8d6b] [local.OrangeLen:Reader] closed / pending work cancelled
2026-10-03 12:14:22.764 Df xctest[77467:bf98e2] [local.OrangeLen:Reader] closed / pending work cancelled
2026-10-03 12:14:22.859 Df xctest[77467:bf98e2] [local.OrangeLen:Reader] search event queryLength=0
2026-10-03 12:14:22.859 Df xctest[77467:bf98e2] [local.OrangeLen:Reader] loaded format=code bytes=45 folderChild=false
2026-10-03 12:14:22.987 Df xctest[77467:bf98e2] [local.OrangeLen:Reader] closed / pending work cancelled
2026-10-03 12:14:23.059 Df xctest[77467:bf98e2] [local.OrangeLen:Reader] closed / pending work cancelled
2026-10-03 12:14:23.059 Df xctest[77467:bf98e2] [local.OrangeLen:Reader] closed / pending work cancelled
2026-10-03 12:14:23.068 Df xctest[77467:bf98e2] [local.OrangeLen:Reader] search event queryLength=0
2026-10-03 12:14:23.068 Df xctest[77467:bf98e2] [local.OrangeLen:Reader] loaded format=text bytes=18 folderChild=false
2026-10-03 12:14:23.069 Df xctest[77467:bf98e2] [local.OrangeLen:Reader] closed / pending work cancelled
2026-10-03 12:14:23.101 Df xctest[77467:bf98e2] [local.OrangeLen:Reader] closed / pending work cancelled
2026-10-03 12:14:23.214 Df xctest[77467:bf98e2] [local.OrangeLen:Reader] search event queryLength=0
2026-10-03 12:14:23.214 Df xctest[77467:bf98e2] [local.OrangeLen:Reader] loaded format=code bytes=1048646 folderChild=false
2026-10-03 12:14:23.387 Df xctest[77467:bf98e2] [local.OrangeLen:Reader] closed / pending work cancelled
2026-10-03 12:14:23.755 Df xctest[77467:bf98e2] [local.OrangeLen:Reader] search event queryLength=0
2026-10-03 12:14:23.755 Df xctest[77467:bf98e2] [local.OrangeLen:Reader] loaded format=code bytes=1048646 folderChild=false
2026-10-03 12:14:23.870 Df xctest[77467:bf98e2] [local.OrangeLen:Reader] closed / pending work cancelled
2026-10-03 12:14:23.996 Df xctest[77467:bf98e2] [local.OrangeLen:Reader] search event queryLength=0
2026-10-03 12:14:23.996 Df xctest[77467:bf98e2] [local.OrangeLen:Reader] loaded format=code bytes=1048646 folderChild=false
2026-10-03 12:14:24.106 Df xctest[77467:bf98e2] [local.OrangeLen:Reader] closed / pending work cancelled
2026-10-03 12:14:24.228 Df xctest[77467:bf98e2] [local.OrangeLen:Reader] search event queryLength=0
2026-10-03 12:14:24.228 Df xctest[77467:bf98e2] [local.OrangeLen:Reader] loaded format=code bytes=1048646 folderChild=false
2026-10-03 12:14:24.341 Df xctest[77467:bf98e2] [local.OrangeLen:Reader] closed / pending work cancelled
2026-10-03 12:14:24.471 Df xctest[77467:bf98e2] [local.OrangeLen:Reader] search event queryLength=0
2026-10-03 12:14:24.471 Df xctest[77467:bf98e2] [local.OrangeLen:Reader] loaded format=code bytes=1048646 folderChild=false
2026-10-03 12:14:24.665 Df xctest[77467:bf98e2] [local.OrangeLen:Reader] closed / pending work cancelled
2026-10-03 12:14:24.789 Df xctest[77467:bf98e2] [local.OrangeLen:Reader] search event queryLength=0
2026-10-03 12:14:24.789 Df xctest[77467:bf98e2] [local.OrangeLen:Reader] loaded format=code bytes=1048646 folderChild=false
2026-10-03 12:14:24.911 Df xctest[77467:bf98e2] [local.OrangeLen:Reader] closed / pending work cancelled
2026-10-03 12:14:25.038 Df xctest[77467:bf98e2] [local.OrangeLen:Reader] search event queryLength=0
2026-10-03 12:14:25.038 Df xctest[77467:bf98e2] [local.OrangeLen:Reader] loaded format=code bytes=1048646 folderChild=false
2026-10-03 12:14:25.151 Df xctest[77467:bf98e2] [local.OrangeLen:Reader] closed / pending work cancelled
2026-10-03 12:14:25.273 Df xctest[77467:bf98e2] [local.OrangeLen:Reader] search event queryLength=0
2026-10-03 12:14:25.274 Df xctest[77467:bf98e2] [local.OrangeLen:Reader] loaded format=code bytes=1048646 folderChild=false
2026-10-03 12:14:25.384 Df xctest[77467:bf98e2] [local.OrangeLen:Reader] closed / pending work cancelled
2026-10-03 12:14:25.507 Df xctest[77467:bf98e2] [local.OrangeLen:Reader] search event queryLength=0
2026-10-03 12:14:25.507 Df xctest[77467:bf98e2] [local.OrangeLen:Reader] loaded format=code bytes=1048646 folderChild=false
2026-10-03 12:14:25.664 Df xctest[77467:bf98e2] [local.OrangeLen:Reader] closed / pending work cancelled
2026-10-03 12:14:25.787 Df xctest[77467:bf98e2] [local.OrangeLen:Reader] search event queryLength=0
2026-10-03 12:14:25.787 Df xctest[77467:bf98e2] [local.OrangeLen:Reader] loaded format=code bytes=1048646 folderChild=false
2026-10-03 12:14:25.898 Df xctest[77467:bf98e2] [local.OrangeLen:Reader] closed / pending work cancelled
2026-10-03 12:14:26.019 Df xctest[77467:bf98e2] [local.OrangeLen:Reader] search event queryLength=0
2026-10-03 12:14:26.019 Df xctest[77467:bf98e2] [local.OrangeLen:Reader] loaded format=code bytes=1048646 folderChild=false
2026-10-03 12:14:26.129 Df xctest[77467:bf98e2] [local.OrangeLen:Reader] closed / pending work cancelled
2026-10-03 12:14:26.251 Df xctest[77467:bf98e2] [local.OrangeLen:Reader] search event queryLength=0
2026-10-03 12:14:26.251 Df xctest[77467:bf98e2] [local.OrangeLen:Reader] loaded format=code bytes=1048646 folderChild=false
2026-10-03 12:14:26.362 Df xctest[77467:bf98e2] [local.OrangeLen:Reader] closed / pending work cancelled
2026-10-03 12:14:26.488 Df xctest[77467:bf98e2] [local.OrangeLen:Reader] search event queryLength=0
2026-10-03 12:14:26.489 Df xctest[77467:bf98e2] [local.OrangeLen:Reader] loaded format=code bytes=1048646 folderChild=false
2026-10-03 12:14:26.646 Df xctest[77467:bf98e2] [local.OrangeLen:Reader] closed / pending work cancelled
2026-10-03 12:14:26.772 Df xctest[77467:bf98e2] [local.OrangeLen:Reader] search event queryLength=0
2026-10-03 12:14:26.772 Df xctest[77467:bf98e2] [local.OrangeLen:Reader] loaded format=code bytes=1048646 folderChild=false
2026-10-03 12:14:26.890 Df xctest[77467:bf98e2] [local.OrangeLen:Reader] closed / pending work cancelled
2026-10-03 12:14:27.012 Df xctest[77467:bf98e2] [local.OrangeLen:Reader] search event queryLength=0
2026-10-03 12:14:27.012 Df xctest[77467:bf98e2] [local.OrangeLen:Reader] loaded format=code bytes=1048646 folderChild=false
2026-10-03 12:14:27.122 Df xctest[77467:bf98e2] [local.OrangeLen:Reader] closed / pending work cancelled
2026-10-03 12:14:27.245 Df xctest[77467:bf98e2] [local.OrangeLen:Reader] search event queryLength=0
2026-10-03 12:14:27.245 Df xctest[77467:bf98e2] [local.OrangeLen:Reader] loaded format=code bytes=1048646 folderChild=false
2026-10-03 12:14:27.356 Df xctest[77467:bf98e2] [local.OrangeLen:Reader] closed / pending work cancelled
2026-10-03 12:14:27.490 Df xctest[77467:bf98e2] [local.OrangeLen:Reader] search event queryLength=0
2026-10-03 12:14:27.490 Df xctest[77467:bf98e2] [local.OrangeLen:Reader] loaded format=code bytes=1048646 folderChild=false
2026-10-03 12:14:27.644 Df xctest[77467:bf98e2] [local.OrangeLen:Reader] closed / pending work cancelled
2026-10-03 12:14:27.770 Df xctest[77467:bf98e2] [local.OrangeLen:Reader] search event queryLength=0
2026-10-03 12:14:27.770 Df xctest[77467:bf98e2] [local.OrangeLen:Reader] loaded format=code bytes=1048646 folderChild=false
2026-10-03 12:14:27.881 Df xctest[77467:bf98e2] [local.OrangeLen:Reader] closed / pending work cancelled
2026-10-03 12:14:28.004 Df xctest[77467:bf98e2] [local.OrangeLen:Reader] search event queryLength=0
2026-10-03 12:14:28.004 Df xctest[77467:bf98e2] [local.OrangeLen:Reader] loaded format=code bytes=1048646 folderChild=false
2026-10-03 12:14:28.114 Df xctest[77467:bf98e2] [local.OrangeLen:Reader] closed / pending work cancelled
2026-10-03 12:14:28.237 Df xctest[77467:bf98e2] [local.OrangeLen:Reader] search event queryLength=0
2026-10-03 12:14:28.237 Df xctest[77467:bf98e2] [local.OrangeLen:Reader] loaded format=code bytes=1048646 folderChild=false
2026-10-03 12:14:28.346 Df xctest[77467:bf98e2] [local.OrangeLen:Reader] closed / pending work cancelled
2026-10-03 12:14:28.467 Df xctest[77467:bf98e2] [local.OrangeLen:Reader] search event queryLength=0
2026-10-03 12:14:28.467 Df xctest[77467:bf98e2] [local.OrangeLen:Reader] loaded format=code bytes=1048646 folderChild=false
2026-10-03 12:14:28.622 Df xctest[77467:bf98e2] [local.OrangeLen:Reader] closed / pending work cancelled
2026-10-03 12:16:19.261 Df xctest[78166:bfa63e] [local.OrangeLen:Reader] closed / pending work cancelled
2026-10-03 12:16:19.406 Df xctest[78166:bfa63e] [local.OrangeLen:Reader] search event queryLength=0
2026-10-03 12:16:19.406 Df xctest[78166:bfa63e] [local.OrangeLen:Reader] loaded format=code bytes=45 folderChild=false
2026-10-03 12:16:19.500 Df xctest[78166:bfa63e] [local.OrangeLen:Reader] closed / pending work cancelled
2026-10-03 12:16:19.645 Df xctest[78166:bfa63e] [local.OrangeLen:Reader] closed / pending work cancelled
2026-10-03 12:16:19.645 Df xctest[78166:bfa63e] [local.OrangeLen:Reader] closed / pending work cancelled
2026-10-03 12:16:19.673 Df xctest[78166:bfa63e] [local.OrangeLen:Reader] search event queryLength=0
2026-10-03 12:16:19.673 Df xctest[78166:bfa63e] [local.OrangeLen:Reader] loaded format=text bytes=18 folderChild=false
2026-10-03 12:16:19.690 Df xctest[78166:bfa63e] [local.OrangeLen:Reader] closed / pending work cancelled
2026-10-03 12:16:19.712 Df xctest[78166:bfa63e] [local.OrangeLen:Reader] closed / pending work cancelled
2026-10-03 12:16:19.820 Df xctest[78166:bfa63e] [local.OrangeLen:Reader] search event queryLength=0
2026-10-03 12:16:19.820 Df xctest[78166:bfa63e] [local.OrangeLen:Reader] loaded format=code bytes=1048646 folderChild=false
2026-10-03 12:16:19.990 Df xctest[78166:bfa63e] [local.OrangeLen:Reader] closed / pending work cancelled
2026-10-03 12:16:20.233 Df xctest[78166:bfa63e] [local.OrangeLen:Reader] search event queryLength=0
2026-10-03 12:16:20.233 Df xctest[78166:bfa63e] [local.OrangeLen:Reader] loaded format=code bytes=1048646 folderChild=false
2026-10-03 12:16:20.346 Df xctest[78166:bfa63e] [local.OrangeLen:Reader] closed / pending work cancelled
2026-10-03 12:16:20.470 Df xctest[78166:bfa63e] [local.OrangeLen:Reader] search event queryLength=0
2026-10-03 12:16:20.470 Df xctest[78166:bfa63e] [local.OrangeLen:Reader] loaded format=code bytes=1048646 folderChild=false
2026-10-03 12:16:20.620 Df xctest[78166:bfa63e] [local.OrangeLen:Reader] closed / pending work cancelled
2026-10-03 12:16:20.747 Df xctest[78166:bfa63e] [local.OrangeLen:Reader] search event queryLength=0
2026-10-03 12:16:20.747 Df xctest[78166:bfa63e] [local.OrangeLen:Reader] loaded format=code bytes=1048646 folderChild=false
2026-10-03 12:16:20.860 Df xctest[78166:bfa63e] [local.OrangeLen:Reader] closed / pending work cancelled
2026-10-03 12:16:20.983 Df xctest[78166:bfa63e] [local.OrangeLen:Reader] search event queryLength=0
2026-10-03 12:16:20.983 Df xctest[78166:bfa63e] [local.OrangeLen:Reader] loaded format=code bytes=1048646 folderChild=false
2026-10-03 12:16:21.095 Df xctest[78166:bfa63e] [local.OrangeLen:Reader] closed / pending work cancelled
2026-10-03 12:16:21.217 Df xctest[78166:bfa63e] [local.OrangeLen:Reader] search event queryLength=0
2026-10-03 12:16:21.217 Df xctest[78166:bfa63e] [local.OrangeLen:Reader] loaded format=code bytes=1048646 folderChild=false
2026-10-03 12:16:21.328 Df xctest[78166:bfa63e] [local.OrangeLen:Reader] closed / pending work cancelled
2026-10-03 12:16:21.451 Df xctest[78166:bfa63e] [local.OrangeLen:Reader] search event queryLength=0
2026-10-03 12:16:21.451 Df xctest[78166:bfa63e] [local.OrangeLen:Reader] loaded format=code bytes=1048646 folderChild=false
2026-10-03 12:16:21.603 Df xctest[78166:bfa63e] [local.OrangeLen:Reader] closed / pending work cancelled
2026-10-03 12:16:21.728 Df xctest[78166:bfa63e] [local.OrangeLen:Reader] search event queryLength=0
2026-10-03 12:16:21.728 Df xctest[78166:bfa63e] [local.OrangeLen:Reader] loaded format=code bytes=1048646 folderChild=false
2026-10-03 12:16:21.967 Df xctest[78166:bfa63e] [local.OrangeLen:Reader] closed / pending work cancelled
2026-10-03 12:16:22.157 Df xctest[78166:bfa63e] [local.OrangeLen:Reader] search event queryLength=0
2026-10-03 12:16:22.157 Df xctest[78166:bfa63e] [local.OrangeLen:Reader] loaded format=code bytes=1048646 folderChild=false
2026-10-03 12:16:22.266 Df xctest[78166:bfa63e] [local.OrangeLen:Reader] closed / pending work cancelled
2026-10-03 12:16:22.393 Df xctest[78166:bfa63e] [local.OrangeLen:Reader] search event queryLength=0
2026-10-03 12:16:22.393 Df xctest[78166:bfa63e] [local.OrangeLen:Reader] loaded format=code bytes=1048646 folderChild=false
2026-10-03 12:16:22.504 Df xctest[78166:bfa63e] [local.OrangeLen:Reader] closed / pending work cancelled
2026-10-03 12:16:22.714 Df xctest[78166:bfa63e] [local.OrangeLen:Reader] search event queryLength=0
2026-10-03 12:16:22.714 Df xctest[78166:bfa63e] [local.OrangeLen:Reader] loaded format=code bytes=1048646 folderChild=false
2026-10-03 12:16:22.835 Df xctest[78166:bfa63e] [local.OrangeLen:Reader] closed / pending work cancelled
2026-10-03 12:16:22.960 Df xctest[78166:bfa63e] [local.OrangeLen:Reader] search event queryLength=0
2026-10-03 12:16:22.960 Df xctest[78166:bfa63e] [local.OrangeLen:Reader] loaded format=code bytes=1048646 folderChild=false
2026-10-03 12:16:23.071 Df xctest[78166:bfa63e] [local.OrangeLen:Reader] closed / pending work cancelled
2026-10-03 12:16:23.193 Df xctest[78166:bfa63e] [local.OrangeLen:Reader] search event queryLength=0
2026-10-03 12:16:23.193 Df xctest[78166:bfa63e] [local.OrangeLen:Reader] loaded format=code bytes=1048646 folderChild=false
2026-10-03 12:16:23.305 Df xctest[78166:bfa63e] [local.OrangeLen:Reader] closed / pending work cancelled
2026-10-03 12:16:23.431 Df xctest[78166:bfa63e] [local.OrangeLen:Reader] search event queryLength=0
2026-10-03 12:16:23.431 Df xctest[78166:bfa63e] [local.OrangeLen:Reader] loaded format=code bytes=1048646 folderChild=false
2026-10-03 12:16:23.582 Df xctest[78166:bfa63e] [local.OrangeLen:Reader] closed / pending work cancelled
2026-10-03 12:16:23.719 Df xctest[78166:bfa63e] [local.OrangeLen:Reader] search event queryLength=0
2026-10-03 12:16:23.719 Df xctest[78166:bfa63e] [local.OrangeLen:Reader] loaded format=code bytes=1048646 folderChild=false
2026-10-03 12:16:23.832 Df xctest[78166:bfa63e] [local.OrangeLen:Reader] closed / pending work cancelled
2026-10-03 12:16:23.955 Df xctest[78166:bfa63e] [local.OrangeLen:Reader] search event queryLength=0
2026-10-03 12:16:23.955 Df xctest[78166:bfa63e] [local.OrangeLen:Reader] loaded format=code bytes=1048646 folderChild=false
2026-10-03 12:16:24.069 Df xctest[78166:bfa63e] [local.OrangeLen:Reader] closed / pending work cancelled
2026-10-03 12:16:24.191 Df xctest[78166:bfa63e] [local.OrangeLen:Reader] search event queryLength=0
2026-10-03 12:16:24.191 Df xctest[78166:bfa63e] [local.OrangeLen:Reader] loaded format=code bytes=1048646 folderChild=false
2026-10-03 12:16:24.301 Df xctest[78166:bfa63e] [local.OrangeLen:Reader] closed / pending work cancelled
2026-10-03 12:16:24.422 Df xctest[78166:bfa63e] [local.OrangeLen:Reader] search event queryLength=0
2026-10-03 12:16:24.422 Df xctest[78166:bfa63e] [local.OrangeLen:Reader] loaded format=code bytes=1048646 folderChild=false
2026-10-03 12:16:24.543 Df xctest[78166:bfa63e] [local.OrangeLen:Reader] closed / pending work cancelled
2026-10-03 12:16:24.695 Df xctest[78166:bfa63e] [local.OrangeLen:Reader] search event queryLength=0
2026-10-03 12:16:24.695 Df xctest[78166:bfa63e] [local.OrangeLen:Reader] loaded format=code bytes=1048646 folderChild=false
2026-10-03 12:16:24.809 Df xctest[78166:bfa63e] [local.OrangeLen:Reader] closed / pending work cancelled
2026-10-03 12:16:24.933 Df xctest[78166:bfa63e] [local.OrangeLen:Reader] search event queryLength=0
2026-10-03 12:16:24.933 Df xctest[78166:bfa63e] [local.OrangeLen:Reader] loaded format=code bytes=1048646 folderChild=false
2026-10-03 12:16:25.044 Df xctest[78166:bfa63e] [local.OrangeLen:Reader] closed / pending work cancelled
2026-10-03 12:16:25.166 Df xctest[78166:bfa63e] [local.OrangeLen:Reader] search event queryLength=0
2026-10-03 12:16:25.166 Df xctest[78166:bfa63e] [local.OrangeLen:Reader] loaded format=code bytes=1048646 folderChild=false
2026-10-03 12:16:25.281 Df xctest[78166:bfa63e] [local.OrangeLen:Reader] closed / pending work cancelled
2026-10-03 12:16:39.164 Df OrangeLenPreview[78257:bfa965] [local.OrangeLen:QuickLook] prepare received extension=OrangeLen type=md
2026-10-03 12:16:39.164 Df OrangeLenPreview[78257:bfa965] [local.OrangeLen:Reader] closed / pending work cancelled
2026-10-03 12:16:39.207 Df OrangeLenPreview[78257:bfa965] [local.OrangeLen:Reader] search event queryLength=0
2026-10-03 12:16:39.208 Df OrangeLenPreview[78257:bfa965] [local.OrangeLen:Reader] loaded format=markdown bytes=346 folderChild=false
2026-10-03 12:16:39.208 Df OrangeLenPreview[78257:bfa965] [local.OrangeLen:QuickLook] prepare completed success=true
2026-10-03 12:16:47.003 Df OrangeLenPreview[78257:bfa965] [local.OrangeLen:Reader] explicit search focus accepted=true
2026-10-03 12:16:47.253 Df OrangeLenPreview[78257:bfa965] [local.OrangeLen:QuickLook] prepare received extension=OrangeLen type=
2026-10-03 12:16:47.253 Df OrangeLenPreview[78257:bfa965] [local.OrangeLen:Reader] closed / pending work cancelled
2026-10-03 12:16:47.261 Df OrangeLenPreview[78257:bfa965] [local.OrangeLen:Reader] search event queryLength=0
2026-10-03 12:16:47.261 Df OrangeLenPreview[78257:bfa965] [local.OrangeLen:Reader] loaded format=code bytes=98 folderChild=false
2026-10-03 12:16:47.261 Df OrangeLenPreview[78257:bfa965] [local.OrangeLen:QuickLook] prepare completed success=true
2026-10-03 12:16:54.917 Df OrangeLenPreview[78257:bfa965] [local.OrangeLen:Input] copy requested selectionLength=98
2026-10-03 12:17:02.994 Df OrangeLenPreview[78257:bfa965] [local.OrangeLen:Reader] closed / pending work cancelled
2026-10-03 12:17:02.995 Df OrangeLenPreview[78257:bfa965] [local.OrangeLen:QuickLook] preview disappeared
2026-10-03 12:17:03.532 Df OrangeLenPreview[78257:bfa965] [local.OrangeLen:Reader] closed / pending work cancelled
2026-10-03 12:17:03.532 Df OrangeLenPreview[78257:bfa965] [local.OrangeLen:QuickLook] preview disappeared
2026-10-03 12:17:07.307 Df OrangeLenPreview[78257:bfa965] [local.OrangeLen:QuickLook] prepare received extension=OrangeLen type=
2026-10-03 12:17:07.307 Df OrangeLenPreview[78257:bfa965] [local.OrangeLen:Reader] closed / pending work cancelled
2026-10-03 12:17:07.309 Df OrangeLenPreview[78257:bfa965] [local.OrangeLen:QuickLook] prepare completed success=true
2026-10-03 12:17:56.608 Df OrangeLenPreview[78502:bfb369] [local.OrangeLen:QuickLook] prepare received extension=OrangeLen type=
2026-10-03 12:17:56.608 Df OrangeLenPreview[78502:bfb369] [local.OrangeLen:Reader] closed / pending work cancelled
2026-10-03 12:17:56.625 Df OrangeLenPreview[78502:bfb369] [local.OrangeLen:QuickLook] prepare completed success=true
2026-10-03 12:18:15.341 Df OrangeLenPreview[78502:bfb369] [local.OrangeLen:Reader] closed / pending work cancelled
2026-10-03 12:18:15.341 Df OrangeLenPreview[78502:bfb369] [local.OrangeLen:QuickLook] preview disappeared
2026-10-03 12:18:21.605 Df OrangeLenPreview[78521:bfb5ba] [local.OrangeLen:QuickLook] prepare received extension=OrangeLen type=
2026-10-03 12:18:21.605 Df OrangeLenPreview[78521:bfb5ba] [local.OrangeLen:Reader] closed / pending work cancelled
2026-10-03 12:18:21.622 Df OrangeLenPreview[78521:bfb5ba] [local.OrangeLen:QuickLook] prepare completed success=true
2026-10-03 12:18:33.401 Df OrangeLenPreview[78521:bfb5ba] [local.OrangeLen:Reader] closed / pending work cancelled
2026-10-03 12:18:33.401 Df OrangeLenPreview[78521:bfb5ba] [local.OrangeLen:QuickLook] preview disappeared
2026-10-03 12:18:40.794 Df OrangeLen[78537:bfb72e] [local.OrangeLen:Reader] closed / pending work cancelled
2026-10-03 12:18:43.680 Df OrangeLen[78537:bfb72e] [local.OrangeLen:Reader] search event queryLength=0
2026-10-03 12:18:43.681 Df OrangeLen[78537:bfb72e] [local.OrangeLen:Reader] loaded format=code bytes=98 folderChild=true
2026-10-03 12:18:48.629 Df OrangeLenPreview[78521:bfb5ba] [local.OrangeLen:QuickLook] prepare received extension=OrangeLen type=
2026-10-03 12:18:48.629 Df OrangeLenPreview[78521:bfb5ba] [local.OrangeLen:Reader] closed / pending work cancelled
2026-10-03 12:18:48.632 Df OrangeLenPreview[78521:bfb5ba] [local.OrangeLen:QuickLook] prepare completed success=true
2026-10-03 12:18:53.037 Df OrangeLenPreview[78521:bfb5ba] [local.OrangeLen:Reader] search event queryLength=0
2026-10-03 12:18:53.037 Df OrangeLenPreview[78521:bfb5ba] [local.OrangeLen:Reader] loaded format=code bytes=186 folderChild=true
2026-10-03 12:19:47.115 Df xctest[78712:bfbf2d] [local.OrangeLen:Reader] closed / pending work cancelled
2026-10-03 12:19:47.265 Df xctest[78712:bfbf2d] [local.OrangeLen:Reader] search event queryLength=0
2026-10-03 12:19:47.265 Df xctest[78712:bfbf2d] [local.OrangeLen:Reader] loaded format=code bytes=45 folderChild=false
2026-10-03 12:19:47.392 Df xctest[78712:bfbf2d] [local.OrangeLen:Reader] closed / pending work cancelled
2026-10-03 12:19:47.480 Df xctest[78712:bfbf2d] [local.OrangeLen:Reader] closed / pending work cancelled
2026-10-03 12:19:47.480 Df xctest[78712:bfbf2d] [local.OrangeLen:Reader] closed / pending work cancelled
2026-10-03 12:19:47.504 Df xctest[78712:bfbf2d] [local.OrangeLen:Reader] search event queryLength=0
2026-10-03 12:19:47.505 Df xctest[78712:bfbf2d] [local.OrangeLen:Reader] loaded format=text bytes=18 folderChild=false
2026-10-03 12:19:47.507 Df xctest[78712:bfbf2d] [local.OrangeLen:Reader] closed / pending work cancelled
2026-10-03 12:19:47.609 Df xctest[78712:bfbf2d] [local.OrangeLen:Reader] closed / pending work cancelled
2026-10-03 12:19:47.758 Df xctest[78712:bfbf2d] [local.OrangeLen:Reader] search event queryLength=0
2026-10-03 12:19:47.758 Df xctest[78712:bfbf2d] [local.OrangeLen:Reader] loaded format=code bytes=1048646 folderChild=false
2026-10-03 12:19:47.959 Df xctest[78712:bfbf2d] [local.OrangeLen:Reader] closed / pending work cancelled
2026-10-03 12:19:48.191 Df xctest[78712:bfbf2d] [local.OrangeLen:Reader] search event queryLength=0
2026-10-03 12:19:48.191 Df xctest[78712:bfbf2d] [local.OrangeLen:Reader] loaded format=code bytes=1048646 folderChild=false
2026-10-03 12:19:48.308 Df xctest[78712:bfbf2d] [local.OrangeLen:Reader] closed / pending work cancelled
2026-10-03 12:19:48.474 Df xctest[78712:bfbf2d] [local.OrangeLen:Reader] search event queryLength=0
2026-10-03 12:19:48.475 Df xctest[78712:bfbf2d] [local.OrangeLen:Reader] loaded format=code bytes=1048646 folderChild=false
2026-10-03 12:19:48.917 Df xctest[78712:bfbf2d] [local.OrangeLen:Reader] closed / pending work cancelled
2026-10-03 12:19:49.040 Df xctest[78712:bfbf2d] [local.OrangeLen:Reader] search event queryLength=0
2026-10-03 12:19:49.040 Df xctest[78712:bfbf2d] [local.OrangeLen:Reader] loaded format=code bytes=1048646 folderChild=false
2026-10-03 12:19:49.170 Df xctest[78712:bfbf2d] [local.OrangeLen:Reader] closed / pending work cancelled
2026-10-03 12:19:49.311 Df xctest[78712:bfbf2d] [local.OrangeLen:Reader] search event queryLength=0
2026-10-03 12:19:49.311 Df xctest[78712:bfbf2d] [local.OrangeLen:Reader] loaded format=code bytes=1048646 folderChild=false
2026-10-03 12:19:49.440 Df xctest[78712:bfbf2d] [local.OrangeLen:Reader] closed / pending work cancelled
2026-10-03 12:19:49.608 Df xctest[78712:bfbf2d] [local.OrangeLen:Reader] search event queryLength=0
2026-10-03 12:19:49.608 Df xctest[78712:bfbf2d] [local.OrangeLen:Reader] loaded format=code bytes=1048646 folderChild=false
2026-10-03 12:19:49.740 Df xctest[78712:bfbf2d] [local.OrangeLen:Reader] closed / pending work cancelled
2026-10-03 12:19:49.868 Df xctest[78712:bfbf2d] [local.OrangeLen:Reader] search event queryLength=0
2026-10-03 12:19:49.868 Df xctest[78712:bfbf2d] [local.OrangeLen:Reader] loaded format=code bytes=1048646 folderChild=false
2026-10-03 12:19:49.977 Df xctest[78712:bfbf2d] [local.OrangeLen:Reader] closed / pending work cancelled
2026-10-03 12:19:50.098 Df xctest[78712:bfbf2d] [local.OrangeLen:Reader] search event queryLength=0
2026-10-03 12:19:50.098 Df xctest[78712:bfbf2d] [local.OrangeLen:Reader] loaded format=code bytes=1048646 folderChild=false
2026-10-03 12:19:50.207 Df xctest[78712:bfbf2d] [local.OrangeLen:Reader] closed / pending work cancelled
2026-10-03 12:19:50.330 Df xctest[78712:bfbf2d] [local.OrangeLen:Reader] search event queryLength=0
2026-10-03 12:19:50.330 Df xctest[78712:bfbf2d] [local.OrangeLen:Reader] loaded format=code bytes=1048646 folderChild=false
2026-10-03 12:19:50.439 Df xctest[78712:bfbf2d] [local.OrangeLen:Reader] closed / pending work cancelled
2026-10-03 12:19:50.584 Df xctest[78712:bfbf2d] [local.OrangeLen:Reader] search event queryLength=0
2026-10-03 12:19:50.584 Df xctest[78712:bfbf2d] [local.OrangeLen:Reader] loaded format=code bytes=1048646 folderChild=false
2026-10-03 12:19:50.695 Df xctest[78712:bfbf2d] [local.OrangeLen:Reader] closed / pending work cancelled
2026-10-03 12:19:50.816 Df xctest[78712:bfbf2d] [local.OrangeLen:Reader] search event queryLength=0
2026-10-03 12:19:50.816 Df xctest[78712:bfbf2d] [local.OrangeLen:Reader] loaded format=code bytes=1048646 folderChild=false
2026-10-03 12:19:50.926 Df xctest[78712:bfbf2d] [local.OrangeLen:Reader] closed / pending work cancelled
2026-10-03 12:19:51.048 Df xctest[78712:bfbf2d] [local.OrangeLen:Reader] search event queryLength=0
2026-10-03 12:19:51.048 Df xctest[78712:bfbf2d] [local.OrangeLen:Reader] loaded format=code bytes=1048646 folderChild=false
2026-10-03 12:19:51.159 Df xctest[78712:bfbf2d] [local.OrangeLen:Reader] closed / pending work cancelled
2026-10-03 12:19:51.293 Df xctest[78712:bfbf2d] [local.OrangeLen:Reader] search event queryLength=0
2026-10-03 12:19:51.293 Df xctest[78712:bfbf2d] [local.OrangeLen:Reader] loaded format=code bytes=1048646 folderChild=false
2026-10-03 12:19:51.403 Df xctest[78712:bfbf2d] [local.OrangeLen:Reader] closed / pending work cancelled
2026-10-03 12:19:51.589 Df xctest[78712:bfbf2d] [local.OrangeLen:Reader] search event queryLength=0
2026-10-03 12:19:51.589 Df xctest[78712:bfbf2d] [local.OrangeLen:Reader] loaded format=code bytes=1048646 folderChild=false
2026-10-03 12:19:51.751 Df xctest[78712:bfbf2d] [local.OrangeLen:Reader] closed / pending work cancelled
2026-10-03 12:19:51.896 Df xctest[78712:bfbf2d] [local.OrangeLen:Reader] search event queryLength=0
2026-10-03 12:19:51.896 Df xctest[78712:bfbf2d] [local.OrangeLen:Reader] loaded format=code bytes=1048646 folderChild=false
2026-10-03 12:19:52.006 Df xctest[78712:bfbf2d] [local.OrangeLen:Reader] closed / pending work cancelled
2026-10-03 12:19:52.127 Df xctest[78712:bfbf2d] [local.OrangeLen:Reader] search event queryLength=0
2026-10-03 12:19:52.127 Df xctest[78712:bfbf2d] [local.OrangeLen:Reader] loaded format=code bytes=1048646 folderChild=false
2026-10-03 12:19:52.238 Df xctest[78712:bfbf2d] [local.OrangeLen:Reader] closed / pending work cancelled
