Command line invocation:
    /Applications/Xcode.app/Contents/Developer/usr/bin/xcodebuild -project OrangeLen.xcodeproj -scheme OrangeLen -configuration Debug -derivedDataPath build/DerivedData build

Resolve Package Graph


Resolved source packages:
  swift-markdown: https://github.com/swiftlang/swift-markdown.git @ 0.8.0
  OrangeLen: /Users/huangzhe/Documents/GitHub/OrangeLen/Packages/OrangeLen
  cmark-gfm: https://github.com/swiftlang/swift-cmark.git @ 0.9.0

--- xcodebuild: WARNING: Using the first of multiple matching destinations:
{ platform:macOS, arch:arm64, id:00006030-000E18D22188001C, name:My Mac }
{ platform:macOS, arch:x86_64, id:00006030-000E18D22188001C, name:My Mac }
{ platform:macOS, name:Any Mac }
ComputePackagePrebuildTargetDependencyGraph

Prepare packages

CreateBuildRequest

SendProjectDescription

CreateBuildOperation

ComputeTargetDependencyGraph
note: Building targets in dependency order
note: Target dependency graph (17 targets)
    Target 'OrangeLen' in project 'OrangeLen'
        ➜ Explicit dependency on target 'OrangeLenPreview' in project 'OrangeLen'
        ➜ Explicit dependency on target 'OrangeLenUI' in project 'OrangeLen'
    Target 'OrangeLenPreview' in project 'OrangeLen'
        ➜ Explicit dependency on target 'OrangeLenImageBroker' in project 'OrangeLen'
        ➜ Explicit dependency on target 'OrangeLenUI' in project 'OrangeLen'
    Target 'OrangeLenUI' in project 'OrangeLen'
        ➜ Explicit dependency on target 'OrangeLenUI' in project 'OrangeLen'
        ➜ Explicit dependency on target 'OrangeLen_OrangeLenUI' in project 'OrangeLen'
        ➜ Explicit dependency on target 'OrangeLenCore' in project 'OrangeLen'
        ➜ Explicit dependency on target 'Markdown' in project 'swift-markdown'
    Target 'OrangeLenUI' in project 'OrangeLen'
        ➜ Explicit dependency on target 'OrangeLen_OrangeLenUI' in project 'OrangeLen'
        ➜ Explicit dependency on target 'CSQLite' in project 'OrangeLen'
        ➜ Explicit dependency on target 'CZlib' in project 'OrangeLen'
        ➜ Explicit dependency on target 'OrangeLenCore' in project 'OrangeLen'
        ➜ Explicit dependency on target 'Markdown' in project 'swift-markdown'
    Target 'OrangeLen_OrangeLenUI' in project 'OrangeLen' (no dependencies)
    Target 'OrangeLenImageBroker' in project 'OrangeLen'
        ➜ Explicit dependency on target 'OrangeLenCore' in project 'OrangeLen'
    Target 'OrangeLenCore' in project 'OrangeLen'
        ➜ Explicit dependency on target 'OrangeLenCore' in project 'OrangeLen'
        ➜ Explicit dependency on target 'Markdown' in project 'swift-markdown'
    Target 'OrangeLenCore' in project 'OrangeLen'
        ➜ Explicit dependency on target 'CSQLite' in project 'OrangeLen'
        ➜ Explicit dependency on target 'CZlib' in project 'OrangeLen'
        ➜ Explicit dependency on target 'Markdown' in project 'swift-markdown'
    Target 'Markdown' in project 'swift-markdown'
        ➜ Explicit dependency on target 'Markdown' in project 'swift-markdown'
        ➜ Explicit dependency on target 'CAtomic' in project 'swift-markdown'
        ➜ Explicit dependency on target 'cmark-gfm' in project 'cmark-gfm'
        ➜ Explicit dependency on target 'cmark-gfm-extensions' in project 'cmark-gfm'
    Target 'Markdown' in project 'swift-markdown'
        ➜ Explicit dependency on target 'CAtomic' in project 'swift-markdown'
        ➜ Explicit dependency on target 'cmark-gfm' in project 'cmark-gfm'
        ➜ Explicit dependency on target 'cmark-gfm-extensions' in project 'cmark-gfm'
    Target 'cmark-gfm-extensions' in project 'cmark-gfm'
        ➜ Explicit dependency on target 'cmark-gfm-extensions' in project 'cmark-gfm'
        ➜ Explicit dependency on target 'cmark-gfm' in project 'cmark-gfm'
    Target 'cmark-gfm-extensions' in project 'cmark-gfm'
        ➜ Explicit dependency on target 'cmark-gfm' in project 'cmark-gfm'
    Target 'cmark-gfm' in project 'cmark-gfm'
        ➜ Explicit dependency on target 'cmark-gfm' in project 'cmark-gfm'
    Target 'cmark-gfm' in project 'cmark-gfm' (no dependencies)
    Target 'CAtomic' in project 'swift-markdown' (no dependencies)
    Target 'CZlib' in project 'OrangeLen' (no dependencies)
    Target 'CSQLite' in project 'OrangeLen' (no dependencies)

GatherProvisioningInputs

CreateBuildDescription

ExecuteExternalTool /Applications/Xcode.app/Contents/Developer/Toolchains/XcodeDefault.xctoolchain/usr/bin/clang -v -E -dM -arch arm64 -isysroot /Applications/Xcode.app/Contents/Developer/Platforms/MacOSX.platform/Developer/SDKs/MacOSX26.5.sdk -x c -c /dev/null

ExecuteExternalTool /Applications/Xcode.app/Contents/Developer/Toolchains/XcodeDefault.xctoolchain/usr/bin/swiftc --version

ExecuteExternalTool /Applications/Xcode.app/Contents/Developer/Toolchains/XcodeDefault.xctoolchain/usr/bin/clang -v -E -dM -isysroot /Applications/Xcode.app/Contents/Developer/Platforms/MacOSX.platform/Developer/SDKs/MacOSX26.5.sdk -x c -c /dev/null

ExecuteExternalTool /Applications/Xcode.app/Contents/Developer/Toolchains/XcodeDefault.xctoolchain/usr/bin/ld -version_details

ReadFileContents /Applications/Xcode.app/Contents/Developer/Toolchains/XcodeDefault.xctoolchain/usr/share/docc/features.json

Build description signature: 8ea667b119cf95be6593e0b8e66da204
Build description path: /Users/huangzhe/Documents/GitHub/OrangeLen/build/DerivedData/Build/Intermediates.noindex/XCBuildData/8ea667b119cf95be6593e0b8e66da204.xcbuilddata
ClangStatCache /Applications/Xcode.app/Contents/Developer/Toolchains/XcodeDefault.xctoolchain/usr/bin/clang-stat-cache /Applications/Xcode.app/Contents/Developer/Platforms/MacOSX.platform/Developer/SDKs/MacOSX26.5.sdk /Users/huangzhe/Documents/GitHub/OrangeLen/build/DerivedData/SDKStatCaches.noindex/macosx26.5-25F70-e082c4a02f00227109f4ed75e425c832.sdkstatcache
    cd /Users/huangzhe/Documents/GitHub/OrangeLen/OrangeLen.xcodeproj
    /Applications/Xcode.app/Contents/Developer/Toolchains/XcodeDefault.xctoolchain/usr/bin/clang-stat-cache /Applications/Xcode.app/Contents/Developer/Platforms/MacOSX.platform/Developer/SDKs/MacOSX26.5.sdk -o /Users/huangzhe/Documents/GitHub/OrangeLen/build/DerivedData/SDKStatCaches.noindex/macosx26.5-25F70-e082c4a02f00227109f4ed75e425c832.sdkstatcache

ProcessInfoPlistFile /Users/huangzhe/Documents/GitHub/OrangeLen/build/DerivedData/Build/Products/Debug/OrangeLen_OrangeLenUI.bundle/Contents/Info.plist /Users/huangzhe/Documents/GitHub/OrangeLen/build/DerivedData/Build/Intermediates.noindex/OrangeLen.build/Debug/OrangeLen_OrangeLenUI.build/empty-OrangeLen_OrangeLenUI.plist (in target 'OrangeLen_OrangeLenUI' from project 'OrangeLen' at path '/Users/huangzhe/Documents/GitHub/OrangeLen/Packages/OrangeLen/Package.swift')
    cd /Users/huangzhe/Documents/GitHub/OrangeLen/Packages/OrangeLen
    builtin-infoPlistUtility /Users/huangzhe/Documents/GitHub/OrangeLen/build/DerivedData/Build/Intermediates.noindex/OrangeLen.build/Debug/OrangeLen_OrangeLenUI.build/empty-OrangeLen_OrangeLenUI.plist -producttype com.apple.product-type.bundle -expandbuildsettings -platform macosx -o /Users/huangzhe/Documents/GitHub/OrangeLen/build/DerivedData/Build/Products/Debug/OrangeLen_OrangeLenUI.bundle/Contents/Info.plist

note: Disabling hardened runtime with ad-hoc codesigning. (in target 'OrangeLenImageBroker' from project 'OrangeLen' at path '/Users/huangzhe/Documents/GitHub/OrangeLen/OrangeLen.xcodeproj')
ProcessInfoPlistFile /Users/huangzhe/Documents/GitHub/OrangeLen/build/DerivedData/Build/Products/Debug/OrangeLenImageBroker.xpc/Contents/Info.plist /Users/huangzhe/Documents/GitHub/OrangeLen/ImageBroker/Info.plist (in target 'OrangeLenImageBroker' from project 'OrangeLen' at path '/Users/huangzhe/Documents/GitHub/OrangeLen/OrangeLen.xcodeproj')
    cd /Users/huangzhe/Documents/GitHub/OrangeLen
    builtin-infoPlistUtility /Users/huangzhe/Documents/GitHub/OrangeLen/ImageBroker/Info.plist -producttype com.apple.product-type.xpc-service -expandbuildsettings -platform macosx -o /Users/huangzhe/Documents/GitHub/OrangeLen/build/DerivedData/Build/Products/Debug/OrangeLenImageBroker.xpc/Contents/Info.plist

note: Disabling hardened runtime with ad-hoc codesigning. (in target 'OrangeLenPreview' from project 'OrangeLen' at path '/Users/huangzhe/Documents/GitHub/OrangeLen/OrangeLen.xcodeproj')
ProcessInfoPlistFile /Users/huangzhe/Documents/GitHub/OrangeLen/build/DerivedData/Build/Products/Debug/OrangeLenPreview.appex/Contents/Info.plist /Users/huangzhe/Documents/GitHub/OrangeLen/PreviewExtension/Info.plist (in target 'OrangeLenPreview' from project 'OrangeLen' at path '/Users/huangzhe/Documents/GitHub/OrangeLen/OrangeLen.xcodeproj')
    cd /Users/huangzhe/Documents/GitHub/OrangeLen
    builtin-infoPlistUtility /Users/huangzhe/Documents/GitHub/OrangeLen/PreviewExtension/Info.plist -producttype com.apple.product-type.app-extension -expandbuildsettings -platform macosx -scanforprivacyfile /Users/huangzhe/Documents/GitHub/OrangeLen/build/DerivedData/Build/Products/Debug/OrangeLenPreview.appex/Contents/Resources/OrangeLen_OrangeLenUI.bundle -o /Users/huangzhe/Documents/GitHub/OrangeLen/build/DerivedData/Build/Products/Debug/OrangeLenPreview.appex/Contents/Info.plist

Copy /Users/huangzhe/Documents/GitHub/OrangeLen/build/DerivedData/Build/Products/Debug/OrangeLenPreview.appex/Contents/XPCServices/OrangeLenImageBroker.xpc /Users/huangzhe/Documents/GitHub/OrangeLen/build/DerivedData/Build/Products/Debug/OrangeLenImageBroker.xpc (in target 'OrangeLenPreview' from project 'OrangeLen' at path '/Users/huangzhe/Documents/GitHub/OrangeLen/OrangeLen.xcodeproj')
    cd /Users/huangzhe/Documents/GitHub/OrangeLen
    builtin-copy -exclude .DS_Store -exclude CVS -exclude .svn -exclude .git -exclude .hg -exclude Headers -exclude PrivateHeaders -exclude Modules -exclude \*.tbd -resolve-src-symlinks -remove-static-executable /Users/huangzhe/Documents/GitHub/OrangeLen/build/DerivedData/Build/Products/Debug/OrangeLenImageBroker.xpc /Users/huangzhe/Documents/GitHub/OrangeLen/build/DerivedData/Build/Products/Debug/OrangeLenPreview.appex/Contents/XPCServices

CodeSign /Users/huangzhe/Documents/GitHub/OrangeLen/build/DerivedData/Build/Products/Debug/OrangeLenPreview.appex (in target 'OrangeLenPreview' from project 'OrangeLen' at path '/Users/huangzhe/Documents/GitHub/OrangeLen/OrangeLen.xcodeproj')
    cd /Users/huangzhe/Documents/GitHub/OrangeLen
    
    Signing Identity:     "Sign to Run Locally"
    
    /usr/bin/codesign --force --sign - --entitlements /Users/huangzhe/Documents/GitHub/OrangeLen/build/DerivedData/Build/Intermediates.noindex/OrangeLen.build/Debug/OrangeLenPreview.build/OrangeLenPreview.appex.xcent --timestamp\=none --generate-entitlement-der /Users/huangzhe/Documents/GitHub/OrangeLen/build/DerivedData/Build/Products/Debug/OrangeLenPreview.appex
/Users/huangzhe/Documents/GitHub/OrangeLen/build/DerivedData/Build/Products/Debug/OrangeLenPreview.appex: replacing existing signature

note: Disabling hardened runtime with ad-hoc codesigning. (in target 'OrangeLen' from project 'OrangeLen' at path '/Users/huangzhe/Documents/GitHub/OrangeLen/OrangeLen.xcodeproj')
Copy /Users/huangzhe/Documents/GitHub/OrangeLen/build/DerivedData/Build/Products/Debug/OrangeLen.app/Contents/PlugIns/OrangeLenPreview.appex /Users/huangzhe/Documents/GitHub/OrangeLen/build/DerivedData/Build/Products/Debug/OrangeLenPreview.appex (in target 'OrangeLen' from project 'OrangeLen' at path '/Users/huangzhe/Documents/GitHub/OrangeLen/OrangeLen.xcodeproj')
    cd /Users/huangzhe/Documents/GitHub/OrangeLen
    builtin-copy -exclude .DS_Store -exclude CVS -exclude .svn -exclude .git -exclude .hg -exclude Headers -exclude PrivateHeaders -exclude Modules -exclude \*.tbd -resolve-src-symlinks -remove-static-executable /Users/huangzhe/Documents/GitHub/OrangeLen/build/DerivedData/Build/Products/Debug/OrangeLenPreview.appex /Users/huangzhe/Documents/GitHub/OrangeLen/build/DerivedData/Build/Products/Debug/OrangeLen.app/Contents/PlugIns

CopySwiftLibs /Users/huangzhe/Documents/GitHub/OrangeLen/build/DerivedData/Build/Products/Debug/OrangeLen.app (in target 'OrangeLen' from project 'OrangeLen' at path '/Users/huangzhe/Documents/GitHub/OrangeLen/OrangeLen.xcodeproj')
    cd /Users/huangzhe/Documents/GitHub/OrangeLen
    builtin-swiftStdLibTool --copy --verbose --sign - --scan-executable /Users/huangzhe/Documents/GitHub/OrangeLen/build/DerivedData/Build/Products/Debug/OrangeLen.app/Contents/MacOS/OrangeLen --scan-folder /Users/huangzhe/Documents/GitHub/OrangeLen/build/DerivedData/Build/Products/Debug/OrangeLen.app/Contents/Frameworks --scan-folder /Users/huangzhe/Documents/GitHub/OrangeLen/build/DerivedData/Build/Products/Debug/OrangeLen.app/Contents/PlugIns --scan-folder /Users/huangzhe/Documents/GitHub/OrangeLen/build/DerivedData/Build/Products/Debug/OrangeLen.app/Contents/Library/SystemExtensions --scan-folder /Users/huangzhe/Documents/GitHub/OrangeLen/build/DerivedData/Build/Products/Debug/OrangeLen.app/Contents/Extensions --platform macosx --toolchain /Applications/Xcode.app/Contents/Developer/Toolchains/XcodeDefault.xctoolchain --destination /Users/huangzhe/Documents/GitHub/OrangeLen/build/DerivedData/Build/Products/Debug/OrangeLen.app/Contents/Frameworks --strip-bitcode --strip-bitcode-tool /Applications/Xcode.app/Contents/Developer/Toolchains/XcodeDefault.xctoolchain/usr/bin/bitcode_strip --emit-dependency-info /Users/huangzhe/Documents/GitHub/OrangeLen/build/DerivedData/Build/Intermediates.noindex/OrangeLen.build/Debug/OrangeLen.build/SwiftStdLibToolInputDependencies.dep --filter-for-swift-os --back-deploy-swift-span

ProcessInfoPlistFile /Users/huangzhe/Documents/GitHub/OrangeLen/build/DerivedData/Build/Products/Debug/OrangeLen.app/Contents/Info.plist /Users/huangzhe/Documents/GitHub/OrangeLen/App/Info.plist (in target 'OrangeLen' from project 'OrangeLen' at path '/Users/huangzhe/Documents/GitHub/OrangeLen/OrangeLen.xcodeproj')
    cd /Users/huangzhe/Documents/GitHub/OrangeLen
    builtin-infoPlistUtility /Users/huangzhe/Documents/GitHub/OrangeLen/App/Info.plist -producttype com.apple.product-type.application -genpkginfo /Users/huangzhe/Documents/GitHub/OrangeLen/build/DerivedData/Build/Products/Debug/OrangeLen.app/Contents/PkgInfo -expandbuildsettings -platform macosx -scanforprivacyfile /Users/huangzhe/Documents/GitHub/OrangeLen/build/DerivedData/Build/Products/Debug/OrangeLen.app/Contents/PlugIns/OrangeLenPreview.appex -scanforprivacyfile /Users/huangzhe/Documents/GitHub/OrangeLen/build/DerivedData/Build/Products/Debug/OrangeLen.app/Contents/Resources/OrangeLen_OrangeLenUI.bundle -o /Users/huangzhe/Documents/GitHub/OrangeLen/build/DerivedData/Build/Products/Debug/OrangeLen.app/Contents/Info.plist

CodeSign /Users/huangzhe/Documents/GitHub/OrangeLen/build/DerivedData/Build/Products/Debug/OrangeLen.app (in target 'OrangeLen' from project 'OrangeLen' at path '/Users/huangzhe/Documents/GitHub/OrangeLen/OrangeLen.xcodeproj')
    cd /Users/huangzhe/Documents/GitHub/OrangeLen
    
    Signing Identity:     "Sign to Run Locally"
    
    /usr/bin/codesign --force --sign - --entitlements /Users/huangzhe/Documents/GitHub/OrangeLen/build/DerivedData/Build/Intermediates.noindex/OrangeLen.build/Debug/OrangeLen.build/OrangeLen.app.xcent --timestamp\=none --generate-entitlement-der /Users/huangzhe/Documents/GitHub/OrangeLen/build/DerivedData/Build/Products/Debug/OrangeLen.app
/Users/huangzhe/Documents/GitHub/OrangeLen/build/DerivedData/Build/Products/Debug/OrangeLen.app: replacing existing signature

Validate /Users/huangzhe/Documents/GitHub/OrangeLen/build/DerivedData/Build/Products/Debug/OrangeLen.app (in target 'OrangeLen' from project 'OrangeLen' at path '/Users/huangzhe/Documents/GitHub/OrangeLen/OrangeLen.xcodeproj')
    cd /Users/huangzhe/Documents/GitHub/OrangeLen
    builtin-validationUtility /Users/huangzhe/Documents/GitHub/OrangeLen/build/DerivedData/Build/Products/Debug/OrangeLen.app -no-validate-extension -infoplist-subpath Contents/Info.plist

RegisterWithLaunchServices /Users/huangzhe/Documents/GitHub/OrangeLen/build/DerivedData/Build/Products/Debug/OrangeLen.app (in target 'OrangeLen' from project 'OrangeLen' at path '/Users/huangzhe/Documents/GitHub/OrangeLen/OrangeLen.xcodeproj')
    cd /Users/huangzhe/Documents/GitHub/OrangeLen
    /System/Library/Frameworks/CoreServices.framework/Versions/Current/Frameworks/LaunchServices.framework/Versions/Current/Support/lsregister -f -R -trusted /Users/huangzhe/Documents/GitHub/OrangeLen/build/DerivedData/Build/Products/Debug/OrangeLen.app

ValidateEmbeddedBinary /Users/huangzhe/Documents/GitHub/OrangeLen/build/DerivedData/Build/Products/Debug/OrangeLen.app/Contents/PlugIns/OrangeLenPreview.appex (in target 'OrangeLen' from project 'OrangeLen' at path '/Users/huangzhe/Documents/GitHub/OrangeLen/OrangeLen.xcodeproj')
    cd /Users/huangzhe/Documents/GitHub/OrangeLen
    /Applications/Xcode.app/Contents/Developer/usr/bin/embeddedBinaryValidationUtility /Users/huangzhe/Documents/GitHub/OrangeLen/build/DerivedData/Build/Products/Debug/OrangeLen.app/Contents/PlugIns/OrangeLenPreview.appex -signing-cert - -info-plist-path /Users/huangzhe/Documents/GitHub/OrangeLen/build/DerivedData/Build/Products/Debug/OrangeLen.app/Contents/Info.plist

** BUILD SUCCEEDED **

/Users/huangzhe/Documents/GitHub/OrangeLen/build/package.gxA915/OrangeLen.app: replacing existing signature
Notarization: NOT EXECUTED (requires release mode and a configured keychain profile).
/Users/huangzhe/Documents/GitHub/OrangeLen/build/artifacts/OrangeLen-dev.zip
