Command line invocation:
    /Applications/Xcode.app/Contents/Developer/usr/bin/xcodebuild -project OrangeLen.xcodeproj -scheme OrangeLenNativeTests -configuration Debug -derivedDataPath build/DerivedData -destination platform=macOS test

Resolve Package Graph


Resolved source packages:
  cmark-gfm: https://github.com/swiftlang/swift-cmark.git @ 0.9.0
  swift-markdown: https://github.com/swiftlang/swift-markdown.git @ 0.8.0
  OrangeLen: /Users/huangzhe/Documents/GitHub/OrangeLen/Packages/OrangeLen

--- xcodebuild: WARNING: Using the first of multiple matching destinations:
{ platform:macOS, arch:arm64, id:00006030-000E18D22188001C, name:My Mac }
{ platform:macOS, arch:x86_64, id:00006030-000E18D22188001C, name:My Mac }
ComputePackagePrebuildTargetDependencyGraph

Prepare packages

CreateBuildRequest

SendProjectDescription

CreateBuildOperation

ComputeTargetDependencyGraph
note: Building targets in dependency order
note: Target dependency graph (17 targets)
    Target 'OrangeLenNativeTests' in project 'OrangeLen'
        ➜ Explicit dependency on target 'OrangeLenTestHost' in project 'OrangeLen'
        ➜ Explicit dependency on target 'OrangeLenUI' in project 'OrangeLen'
        ➜ Explicit dependency on target 'OrangeLenCore' in project 'OrangeLen'
    Target 'OrangeLenUI' in project 'OrangeLen'
        ➜ Explicit dependency on target 'OrangeLenUI' in project 'OrangeLen'
        ➜ Explicit dependency on target 'OrangeLen_OrangeLenUI' in project 'OrangeLen'
        ➜ Explicit dependency on target 'OrangeLenCore' in project 'OrangeLen'
        ➜ Explicit dependency on target 'Markdown' in project 'swift-markdown'
    Target 'OrangeLenUI' in project 'OrangeLen'
        ➜ Explicit dependency on target 'OrangeLen_OrangeLenUI' in project 'OrangeLen'
        ➜ Explicit dependency on target 'CSQLite' in project 'OrangeLen'
        ➜ Explicit dependency on target 'CZlib' in project 'OrangeLen'
        ➜ Explicit dependency on target 'OrangeLenCore' in project 'OrangeLen'
        ➜ Explicit dependency on target 'Markdown' in project 'swift-markdown'
    Target 'OrangeLen_OrangeLenUI' in project 'OrangeLen' (no dependencies)
    Target 'OrangeLenTestHost' in project 'OrangeLen'
        ➜ Explicit dependency on target 'OrangeLenDocumentBroker' in project 'OrangeLen'
    Target 'OrangeLenDocumentBroker' in project 'OrangeLen'
        ➜ Explicit dependency on target 'OrangeLenCore' in project 'OrangeLen'
    Target 'OrangeLenCore' in project 'OrangeLen'
        ➜ Explicit dependency on target 'OrangeLenCore' in project 'OrangeLen'
        ➜ Explicit dependency on target 'Markdown' in project 'swift-markdown'
    Target 'OrangeLenCore' in project 'OrangeLen'
        ➜ Explicit dependency on target 'CSQLite' in project 'OrangeLen'
        ➜ Explicit dependency on target 'CZlib' in project 'OrangeLen'
        ➜ Explicit dependency on target 'Markdown' in project 'swift-markdown'
    Target 'Markdown' in project 'swift-markdown'
        ➜ Explicit dependency on target 'Markdown' in project 'swift-markdown'
        ➜ Explicit dependency on target 'CAtomic' in project 'swift-markdown'
        ➜ Explicit dependency on target 'cmark-gfm' in project 'cmark-gfm'
        ➜ Explicit dependency on target 'cmark-gfm-extensions' in project 'cmark-gfm'
    Target 'Markdown' in project 'swift-markdown'
        ➜ Explicit dependency on target 'CAtomic' in project 'swift-markdown'
        ➜ Explicit dependency on target 'cmark-gfm' in project 'cmark-gfm'
        ➜ Explicit dependency on target 'cmark-gfm-extensions' in project 'cmark-gfm'
    Target 'cmark-gfm-extensions' in project 'cmark-gfm'
        ➜ Explicit dependency on target 'cmark-gfm-extensions' in project 'cmark-gfm'
        ➜ Explicit dependency on target 'cmark-gfm' in project 'cmark-gfm'
    Target 'cmark-gfm-extensions' in project 'cmark-gfm'
        ➜ Explicit dependency on target 'cmark-gfm' in project 'cmark-gfm'
    Target 'cmark-gfm' in project 'cmark-gfm'
        ➜ Explicit dependency on target 'cmark-gfm' in project 'cmark-gfm'
    Target 'cmark-gfm' in project 'cmark-gfm' (no dependencies)
    Target 'CAtomic' in project 'swift-markdown' (no dependencies)
    Target 'CZlib' in project 'OrangeLen' (no dependencies)
    Target 'CSQLite' in project 'OrangeLen' (no dependencies)

GatherProvisioningInputs

CreateBuildDescription

ExecuteExternalTool /Applications/Xcode.app/Contents/Developer/Toolchains/XcodeDefault.xctoolchain/usr/bin/clang -v -E -dM -arch arm64 -isysroot /Applications/Xcode.app/Contents/Developer/Platforms/MacOSX.platform/Developer/SDKs/MacOSX26.5.sdk -x c -c /dev/null

ExecuteExternalTool /Applications/Xcode.app/Contents/Developer/Toolchains/XcodeDefault.xctoolchain/usr/bin/swiftc --version

ExecuteExternalTool /Applications/Xcode.app/Contents/Developer/Toolchains/XcodeDefault.xctoolchain/usr/bin/clang -v -E -dM -isysroot /Applications/Xcode.app/Contents/Developer/Platforms/MacOSX.platform/Developer/SDKs/MacOSX26.5.sdk -x c -c /dev/null

ExecuteExternalTool /Applications/Xcode.app/Contents/Developer/Toolchains/XcodeDefault.xctoolchain/usr/bin/ld -version_details

ReadFileContents /Applications/Xcode.app/Contents/Developer/Toolchains/XcodeDefault.xctoolchain/usr/share/docc/features.json

Build description signature: 631571baa9b1b02a963fbed8899c7050
Build description path: /Users/huangzhe/Documents/GitHub/OrangeLen/build/DerivedData/Build/Intermediates.noindex/XCBuildData/631571baa9b1b02a963fbed8899c7050.xcbuilddata
ClangStatCache /Applications/Xcode.app/Contents/Developer/Toolchains/XcodeDefault.xctoolchain/usr/bin/clang-stat-cache /Applications/Xcode.app/Contents/Developer/Platforms/MacOSX.platform/Developer/SDKs/MacOSX26.5.sdk /Users/huangzhe/Documents/GitHub/OrangeLen/build/DerivedData/SDKStatCaches.noindex/macosx26.5-25F70-e082c4a02f00227109f4ed75e425c832.sdkstatcache
    cd /Users/huangzhe/Documents/GitHub/OrangeLen/OrangeLen.xcodeproj
    /Applications/Xcode.app/Contents/Developer/Toolchains/XcodeDefault.xctoolchain/usr/bin/clang-stat-cache /Applications/Xcode.app/Contents/Developer/Platforms/MacOSX.platform/Developer/SDKs/MacOSX26.5.sdk -o /Users/huangzhe/Documents/GitHub/OrangeLen/build/DerivedData/SDKStatCaches.noindex/macosx26.5-25F70-e082c4a02f00227109f4ed75e425c832.sdkstatcache

ProcessInfoPlistFile /Users/huangzhe/Documents/GitHub/OrangeLen/build/DerivedData/Build/Products/Debug/OrangeLen_OrangeLenUI.bundle/Contents/Info.plist /Users/huangzhe/Documents/GitHub/OrangeLen/build/DerivedData/Build/Intermediates.noindex/OrangeLen.build/Debug/OrangeLen_OrangeLenUI.build/empty-OrangeLen_OrangeLenUI.plist (in target 'OrangeLen_OrangeLenUI' from project 'OrangeLen' at path '/Users/huangzhe/Documents/GitHub/OrangeLen/Packages/OrangeLen/Package.swift')
    cd /Users/huangzhe/Documents/GitHub/OrangeLen/Packages/OrangeLen
    builtin-infoPlistUtility /Users/huangzhe/Documents/GitHub/OrangeLen/build/DerivedData/Build/Intermediates.noindex/OrangeLen.build/Debug/OrangeLen_OrangeLenUI.build/empty-OrangeLen_OrangeLenUI.plist -producttype com.apple.product-type.bundle -expandbuildsettings -platform macosx -o /Users/huangzhe/Documents/GitHub/OrangeLen/build/DerivedData/Build/Products/Debug/OrangeLen_OrangeLenUI.bundle/Contents/Info.plist

note: Disabling hardened runtime with ad-hoc codesigning. (in target 'OrangeLenDocumentBroker' from project 'OrangeLen' at path '/Users/huangzhe/Documents/GitHub/OrangeLen/OrangeLen.xcodeproj')
ProcessProductPackaging /Users/huangzhe/Documents/GitHub/OrangeLen/DocumentBroker/DocumentBroker.entitlements /Users/huangzhe/Documents/GitHub/OrangeLen/build/DerivedData/Build/Intermediates.noindex/OrangeLen.build/Debug/OrangeLenDocumentBroker.build/OrangeLenDocumentBroker.xpc.xcent (in target 'OrangeLenDocumentBroker' from project 'OrangeLen' at path '/Users/huangzhe/Documents/GitHub/OrangeLen/OrangeLen.xcodeproj')
    cd /Users/huangzhe/Documents/GitHub/OrangeLen
    
    Entitlements:
    
    {
    "com.apple.security.app-sandbox" = 1;
    "com.apple.security.get-task-allow" = 1;
}
    
    builtin-productPackagingUtility /Users/huangzhe/Documents/GitHub/OrangeLen/DocumentBroker/DocumentBroker.entitlements -entitlements -format xml -o /Users/huangzhe/Documents/GitHub/OrangeLen/build/DerivedData/Build/Intermediates.noindex/OrangeLen.build/Debug/OrangeLenDocumentBroker.build/OrangeLenDocumentBroker.xpc.xcent

ProcessProductPackagingDER /Users/huangzhe/Documents/GitHub/OrangeLen/build/DerivedData/Build/Intermediates.noindex/OrangeLen.build/Debug/OrangeLenDocumentBroker.build/OrangeLenDocumentBroker.xpc.xcent /Users/huangzhe/Documents/GitHub/OrangeLen/build/DerivedData/Build/Intermediates.noindex/OrangeLen.build/Debug/OrangeLenDocumentBroker.build/OrangeLenDocumentBroker.xpc.xcent.der (in target 'OrangeLenDocumentBroker' from project 'OrangeLen' at path '/Users/huangzhe/Documents/GitHub/OrangeLen/OrangeLen.xcodeproj')
    cd /Users/huangzhe/Documents/GitHub/OrangeLen
    /usr/bin/derq query -f xml -i /Users/huangzhe/Documents/GitHub/OrangeLen/build/DerivedData/Build/Intermediates.noindex/OrangeLen.build/Debug/OrangeLenDocumentBroker.build/OrangeLenDocumentBroker.xpc.xcent -o /Users/huangzhe/Documents/GitHub/OrangeLen/build/DerivedData/Build/Intermediates.noindex/OrangeLen.build/Debug/OrangeLenDocumentBroker.build/OrangeLenDocumentBroker.xpc.xcent.der --raw

ProcessInfoPlistFile /Users/huangzhe/Documents/GitHub/OrangeLen/build/DerivedData/Build/Products/Debug/OrangeLenDocumentBroker.xpc/Contents/Info.plist /Users/huangzhe/Documents/GitHub/OrangeLen/DocumentBroker/Info.plist (in target 'OrangeLenDocumentBroker' from project 'OrangeLen' at path '/Users/huangzhe/Documents/GitHub/OrangeLen/OrangeLen.xcodeproj')
    cd /Users/huangzhe/Documents/GitHub/OrangeLen
    builtin-infoPlistUtility /Users/huangzhe/Documents/GitHub/OrangeLen/DocumentBroker/Info.plist -producttype com.apple.product-type.xpc-service -expandbuildsettings -platform macosx -o /Users/huangzhe/Documents/GitHub/OrangeLen/build/DerivedData/Build/Products/Debug/OrangeLenDocumentBroker.xpc/Contents/Info.plist

SwiftDriver OrangeLenNativeTests normal arm64 com.apple.xcode.tools.swift.compiler (in target 'OrangeLenNativeTests' from project 'OrangeLen' at path '/Users/huangzhe/Documents/GitHub/OrangeLen/OrangeLen.xcodeproj')
    cd /Users/huangzhe/Documents/GitHub/OrangeLen
    builtin-SwiftDriver -- /Applications/Xcode.app/Contents/Developer/Toolchains/XcodeDefault.xctoolchain/usr/bin/swiftc -module-name OrangeLenNativeTests -Onone @/Users/huangzhe/Documents/GitHub/OrangeLen/build/DerivedData/Build/Intermediates.noindex/OrangeLen.build/Debug/OrangeLenNativeTests.build/Objects-normal/arm64/OrangeLenNativeTests.SwiftFileList -DDEBUG -Xcc -fmodule-map-file\=/Users/huangzhe/Documents/GitHub/OrangeLen/Packages/OrangeLen/Sources/CZlib/module.modulemap -Xcc -fmodule-map-file\=/Users/huangzhe/Documents/GitHub/OrangeLen/Packages/OrangeLen/Sources/CSQLite/module.modulemap -plugin-path /Applications/Xcode.app/Contents/Developer/Toolchains/XcodeDefault.xctoolchain/usr/lib/swift/host/plugins/testing -enable-bare-slash-regex -enable-experimental-feature DebugDescriptionMacro -sdk /Applications/Xcode.app/Contents/Developer/Platforms/MacOSX.platform/Developer/SDKs/MacOSX26.5.sdk -target arm64-apple-macos14.0 -g -module-cache-path /Users/huangzhe/Documents/GitHub/OrangeLen/build/DerivedData/ModuleCache.noindex -Xfrontend -serialize-debugging-options -enable-testing -index-store-path /Users/huangzhe/Documents/GitHub/OrangeLen/build/DerivedData/Index.noindex/DataStore -Xcc -D_LIBCPP_HARDENING_MODE\=_LIBCPP_HARDENING_MODE_DEBUG -swift-version 5 -I /Users/huangzhe/Documents/GitHub/OrangeLen/build/DerivedData/Build/Products/Debug -Isystem /Applications/Xcode.app/Contents/Developer/Platforms/MacOSX.platform/Developer/usr/lib -F /Users/huangzhe/Documents/GitHub/OrangeLen/build/DerivedData/Build/Products/Debug/PackageFrameworks -F /Users/huangzhe/Documents/GitHub/OrangeLen/build/DerivedData/Build/Products/Debug/PackageFrameworks -F /Users/huangzhe/Documents/GitHub/OrangeLen/build/DerivedData/Build/Products/Debug/PackageFrameworks -F /Users/huangzhe/Documents/GitHub/OrangeLen/build/DerivedData/Build/Products/Debug/PackageFrameworks -F /Users/huangzhe/Documents/GitHub/OrangeLen/build/DerivedData/Build/Products/Debug/PackageFrameworks -F /Users/huangzhe/Documents/GitHub/OrangeLen/build/DerivedData/Build/Products/Debug/PackageFrameworks -F /Users/huangzhe/Documents/GitHub/OrangeLen/build/DerivedData/Build/Products/Debug -F /Applications/Xcode.app/Contents/Developer/Platforms/MacOSX.platform/Developer/Library/Frameworks -parse-as-library -c -j11 -enable-batch-mode -incremental -Xcc -ivfsstatcache -Xcc /Users/huangzhe/Documents/GitHub/OrangeLen/build/DerivedData/SDKStatCaches.noindex/macosx26.5-25F70-e082c4a02f00227109f4ed75e425c832.sdkstatcache -output-file-map /Users/huangzhe/Documents/GitHub/OrangeLen/build/DerivedData/Build/Intermediates.noindex/OrangeLen.build/Debug/OrangeLenNativeTests.build/Objects-normal/arm64/OrangeLenNativeTests-OutputFileMap.json -use-frontend-parseable-output -save-temps -no-color-diagnostics -explicit-module-build -module-cache-path /Users/huangzhe/Documents/GitHub/OrangeLen/build/DerivedData/Build/Intermediates.noindex/SwiftExplicitPrecompiledModules -clang-scanner-module-cache-path /Users/huangzhe/Documents/GitHub/OrangeLen/build/DerivedData/ModuleCache.noindex -sdk-module-cache-path /Users/huangzhe/Documents/GitHub/OrangeLen/build/DerivedData/ModuleCache.noindex -serialize-diagnostics -emit-dependencies -emit-module -emit-module-path /Users/huangzhe/Documents/GitHub/OrangeLen/build/DerivedData/Build/Intermediates.noindex/OrangeLen.build/Debug/OrangeLenNativeTests.build/Objects-normal/arm64/OrangeLenNativeTests.swiftmodule -validate-clang-modules-once -clang-build-session-file /Users/huangzhe/Documents/GitHub/OrangeLen/build/DerivedData/ModuleCache.noindex/Session.modulevalidation -Xcc -I/Users/huangzhe/Documents/GitHub/OrangeLen/build/DerivedData/Build/Intermediates.noindex/OrangeLen.build/Debug/OrangeLenNativeTests.build/swift-overrides.hmap -emit-const-values -Xfrontend -const-gather-protocols-file -Xfrontend /Users/huangzhe/Documents/GitHub/OrangeLen/build/DerivedData/Build/Intermediates.noindex/OrangeLen.build/Debug/OrangeLenNativeTests.build/Objects-normal/arm64/OrangeLenNativeTests_const_extract_protocols.json -Xcc -iquote -Xcc /Users/huangzhe/Documents/GitHub/OrangeLen/build/DerivedData/Build/Intermediates.noindex/OrangeLen.build/Debug/OrangeLenNativeTests.build/OrangeLenNativeTests-generated-files.hmap -Xcc -I/Users/huangzhe/Documents/GitHub/OrangeLen/build/DerivedData/Build/Intermediates.noindex/OrangeLen.build/Debug/OrangeLenNativeTests.build/OrangeLenNativeTests-own-target-headers.hmap -Xcc -I/Users/huangzhe/Documents/GitHub/OrangeLen/build/DerivedData/Build/Intermediates.noindex/OrangeLen.build/Debug/OrangeLenNativeTests.build/OrangeLenNativeTests-all-non-framework-target-headers.hmap -Xcc -ivfsoverlay -Xcc /Users/huangzhe/Documents/GitHub/OrangeLen/build/DerivedData/Build/Intermediates.noindex/OrangeLen.build/Debug/OrangeLen-858e2ff2c7d6a1eb168211f71310dee6-VFS/all-product-headers.yaml -Xcc -iquote -Xcc /Users/huangzhe/Documents/GitHub/OrangeLen/build/DerivedData/Build/Intermediates.noindex/OrangeLen.build/Debug/OrangeLenNativeTests.build/OrangeLenNativeTests-project-headers.hmap -Xcc -I/Users/huangzhe/Documents/GitHub/OrangeLen/build/DerivedData/SourcePackages/checkouts/swift-cmark/src/include -Xcc -I/Users/huangzhe/Documents/GitHub/OrangeLen/build/DerivedData/SourcePackages/checkouts/swift-cmark/extensions/include -Xcc -I/Users/huangzhe/Documents/GitHub/OrangeLen/build/DerivedData/SourcePackages/checkouts/swift-markdown/Sources/CAtomic/include -Xcc -I/Users/huangzhe/Documents/GitHub/OrangeLen/build/DerivedData/Build/Products/Debug/include -Xcc -I/Users/huangzhe/Documents/GitHub/OrangeLen/build/DerivedData/Build/Intermediates.noindex/OrangeLen.build/Debug/OrangeLenNativeTests.build/DerivedSources-normal/arm64 -Xcc -I/Users/huangzhe/Documents/GitHub/OrangeLen/build/DerivedData/Build/Intermediates.noindex/OrangeLen.build/Debug/OrangeLenNativeTests.build/DerivedSources/arm64 -Xcc -I/Users/huangzhe/Documents/GitHub/OrangeLen/build/DerivedData/Build/Intermediates.noindex/OrangeLen.build/Debug/OrangeLenNativeTests.build/DerivedSources -Xcc -DDEBUG\=1 -emit-objc-header -emit-objc-header-path /Users/huangzhe/Documents/GitHub/OrangeLen/build/DerivedData/Build/Intermediates.noindex/OrangeLen.build/Debug/OrangeLenNativeTests.build/Objects-normal/arm64/OrangeLenNativeTests-Swift.h -working-directory /Users/huangzhe/Documents/GitHub/OrangeLen -experimental-emit-module-separately -disable-cmo

CodeSign /Users/huangzhe/Documents/GitHub/OrangeLen/build/DerivedData/Build/Products/Debug/OrangeLenDocumentBroker.xpc (in target 'OrangeLenDocumentBroker' from project 'OrangeLen' at path '/Users/huangzhe/Documents/GitHub/OrangeLen/OrangeLen.xcodeproj')
    cd /Users/huangzhe/Documents/GitHub/OrangeLen
    
    Signing Identity:     "Sign to Run Locally"
    
    /usr/bin/codesign --force --sign - --entitlements /Users/huangzhe/Documents/GitHub/OrangeLen/build/DerivedData/Build/Intermediates.noindex/OrangeLen.build/Debug/OrangeLenDocumentBroker.build/OrangeLenDocumentBroker.xpc.xcent --timestamp\=none --generate-entitlement-der /Users/huangzhe/Documents/GitHub/OrangeLen/build/DerivedData/Build/Products/Debug/OrangeLenDocumentBroker.xpc
/Users/huangzhe/Documents/GitHub/OrangeLen/build/DerivedData/Build/Products/Debug/OrangeLenDocumentBroker.xpc: replacing existing signature

Copy /Users/huangzhe/Documents/GitHub/OrangeLen/build/DerivedData/Build/Products/Debug/OrangeLenTestHost.app/Contents/XPCServices/OrangeLenDocumentBroker.xpc /Users/huangzhe/Documents/GitHub/OrangeLen/build/DerivedData/Build/Products/Debug/OrangeLenDocumentBroker.xpc (in target 'OrangeLenTestHost' from project 'OrangeLen' at path '/Users/huangzhe/Documents/GitHub/OrangeLen/OrangeLen.xcodeproj')
    cd /Users/huangzhe/Documents/GitHub/OrangeLen
    builtin-copy -exclude .DS_Store -exclude CVS -exclude .svn -exclude .git -exclude .hg -exclude Headers -exclude PrivateHeaders -exclude Modules -exclude \*.tbd -resolve-src-symlinks -remove-static-executable /Users/huangzhe/Documents/GitHub/OrangeLen/build/DerivedData/Build/Products/Debug/OrangeLenDocumentBroker.xpc /Users/huangzhe/Documents/GitHub/OrangeLen/build/DerivedData/Build/Products/Debug/OrangeLenTestHost.app/Contents/XPCServices

CopySwiftLibs /Users/huangzhe/Documents/GitHub/OrangeLen/build/DerivedData/Build/Products/Debug/OrangeLenTestHost.app (in target 'OrangeLenTestHost' from project 'OrangeLen' at path '/Users/huangzhe/Documents/GitHub/OrangeLen/OrangeLen.xcodeproj')
    cd /Users/huangzhe/Documents/GitHub/OrangeLen
    builtin-swiftStdLibTool --copy --verbose --sign - --scan-executable /Users/huangzhe/Documents/GitHub/OrangeLen/build/DerivedData/Build/Products/Debug/OrangeLenTestHost.app/Contents/MacOS/OrangeLenTestHost --scan-folder /Users/huangzhe/Documents/GitHub/OrangeLen/build/DerivedData/Build/Products/Debug/OrangeLenTestHost.app/Contents/Frameworks --scan-folder /Users/huangzhe/Documents/GitHub/OrangeLen/build/DerivedData/Build/Products/Debug/OrangeLenTestHost.app/Contents/PlugIns --scan-folder /Users/huangzhe/Documents/GitHub/OrangeLen/build/DerivedData/Build/Products/Debug/OrangeLenTestHost.app/Contents/Library/SystemExtensions --scan-folder /Users/huangzhe/Documents/GitHub/OrangeLen/build/DerivedData/Build/Products/Debug/OrangeLenTestHost.app/Contents/Extensions --platform macosx --toolchain /Applications/Xcode.app/Contents/Developer/Toolchains/XcodeDefault.xctoolchain --destination /Users/huangzhe/Documents/GitHub/OrangeLen/build/DerivedData/Build/Products/Debug/OrangeLenTestHost.app/Contents/Frameworks --strip-bitcode --strip-bitcode-tool /Applications/Xcode.app/Contents/Developer/Toolchains/XcodeDefault.xctoolchain/usr/bin/bitcode_strip --emit-dependency-info /Users/huangzhe/Documents/GitHub/OrangeLen/build/DerivedData/Build/Intermediates.noindex/OrangeLen.build/Debug/OrangeLenTestHost.build/SwiftStdLibToolInputDependencies.dep --filter-for-swift-os --back-deploy-swift-span

ProcessInfoPlistFile /Users/huangzhe/Documents/GitHub/OrangeLen/build/DerivedData/Build/Products/Debug/OrangeLenTestHost.app/Contents/Info.plist /Users/huangzhe/Documents/GitHub/OrangeLen/build/DerivedData/Build/Intermediates.noindex/OrangeLen.build/Debug/OrangeLenTestHost.build/empty-OrangeLenTestHost.plist (in target 'OrangeLenTestHost' from project 'OrangeLen' at path '/Users/huangzhe/Documents/GitHub/OrangeLen/OrangeLen.xcodeproj')
    cd /Users/huangzhe/Documents/GitHub/OrangeLen
    builtin-infoPlistUtility /Users/huangzhe/Documents/GitHub/OrangeLen/build/DerivedData/Build/Intermediates.noindex/OrangeLen.build/Debug/OrangeLenTestHost.build/empty-OrangeLenTestHost.plist -producttype com.apple.product-type.application -genpkginfo /Users/huangzhe/Documents/GitHub/OrangeLen/build/DerivedData/Build/Products/Debug/OrangeLenTestHost.app/Contents/PkgInfo -expandbuildsettings -platform macosx -scanforprivacyfile /Users/huangzhe/Documents/GitHub/OrangeLen/build/DerivedData/Build/Products/Debug/OrangeLenTestHost.app/Contents/XPCServices/OrangeLenDocumentBroker.xpc -o /Users/huangzhe/Documents/GitHub/OrangeLen/build/DerivedData/Build/Products/Debug/OrangeLenTestHost.app/Contents/Info.plist

ProcessInfoPlistFile /Users/huangzhe/Documents/GitHub/OrangeLen/build/DerivedData/Build/Products/Debug/OrangeLenTestHost.app/Contents/PlugIns/OrangeLenNativeTests.xctest/Contents/Info.plist /Users/huangzhe/Documents/GitHub/OrangeLen/build/DerivedData/Build/Intermediates.noindex/OrangeLen.build/Debug/OrangeLenNativeTests.build/empty-OrangeLenNativeTests.plist (in target 'OrangeLenNativeTests' from project 'OrangeLen' at path '/Users/huangzhe/Documents/GitHub/OrangeLen/OrangeLen.xcodeproj')
    cd /Users/huangzhe/Documents/GitHub/OrangeLen
    builtin-infoPlistUtility /Users/huangzhe/Documents/GitHub/OrangeLen/build/DerivedData/Build/Intermediates.noindex/OrangeLen.build/Debug/OrangeLenNativeTests.build/empty-OrangeLenNativeTests.plist -producttype com.apple.product-type.bundle.unit-test -expandbuildsettings -platform macosx -scanforprivacyfile /Users/huangzhe/Documents/GitHub/OrangeLen/build/DerivedData/Build/Products/Debug/OrangeLenTestHost.app/Contents/PlugIns/OrangeLenNativeTests.xctest/Contents/Resources/OrangeLen_OrangeLenUI.bundle -o /Users/huangzhe/Documents/GitHub/OrangeLen/build/DerivedData/Build/Products/Debug/OrangeLenTestHost.app/Contents/PlugIns/OrangeLenNativeTests.xctest/Contents/Info.plist

SwiftCompile normal arm64 Compiling\ SystemPreviewTests.swift /Users/huangzhe/Documents/GitHub/OrangeLen/Packages/OrangeLen/Tests/OrangeLenUITests/SystemPreviewTests.swift (in target 'OrangeLenNativeTests' from project 'OrangeLen' at path '/Users/huangzhe/Documents/GitHub/OrangeLen/OrangeLen.xcodeproj')

SwiftCompile normal arm64 /Users/huangzhe/Documents/GitHub/OrangeLen/Packages/OrangeLen/Tests/OrangeLenUITests/SystemPreviewTests.swift (in target 'OrangeLenNativeTests' from project 'OrangeLen' at path '/Users/huangzhe/Documents/GitHub/OrangeLen/OrangeLen.xcodeproj')
    cd /Users/huangzhe/Documents/GitHub/OrangeLen
    

SwiftEmitModule normal arm64 Emitting\ module\ for\ OrangeLenNativeTests (in target 'OrangeLenNativeTests' from project 'OrangeLen' at path '/Users/huangzhe/Documents/GitHub/OrangeLen/OrangeLen.xcodeproj')

SwiftCompile normal arm64 /Users/huangzhe/Documents/GitHub/OrangeLen/Packages/OrangeLen/Tests/OrangeLenUITests/SystemPreviewTests.swift (in target 'OrangeLenNativeTests' from project 'OrangeLen' at path '/Users/huangzhe/Documents/GitHub/OrangeLen/OrangeLen.xcodeproj')
    cd /Users/huangzhe/Documents/GitHub/OrangeLen
    

SwiftDriverJobDiscovery normal arm64 Emitting module for OrangeLenNativeTests (in target 'OrangeLenNativeTests' from project 'OrangeLen' at path '/Users/huangzhe/Documents/GitHub/OrangeLen/OrangeLen.xcodeproj')

SwiftDriver\ Compilation\ Requirements OrangeLenNativeTests normal arm64 com.apple.xcode.tools.swift.compiler (in target 'OrangeLenNativeTests' from project 'OrangeLen' at path '/Users/huangzhe/Documents/GitHub/OrangeLen/OrangeLen.xcodeproj')
    cd /Users/huangzhe/Documents/GitHub/OrangeLen
    builtin-Swift-Compilation-Requirements -- /Applications/Xcode.app/Contents/Developer/Toolchains/XcodeDefault.xctoolchain/usr/bin/swiftc -module-name OrangeLenNativeTests -Onone @/Users/huangzhe/Documents/GitHub/OrangeLen/build/DerivedData/Build/Intermediates.noindex/OrangeLen.build/Debug/OrangeLenNativeTests.build/Objects-normal/arm64/OrangeLenNativeTests.SwiftFileList -DDEBUG -Xcc -fmodule-map-file\=/Users/huangzhe/Documents/GitHub/OrangeLen/Packages/OrangeLen/Sources/CZlib/module.modulemap -Xcc -fmodule-map-file\=/Users/huangzhe/Documents/GitHub/OrangeLen/Packages/OrangeLen/Sources/CSQLite/module.modulemap -plugin-path /Applications/Xcode.app/Contents/Developer/Toolchains/XcodeDefault.xctoolchain/usr/lib/swift/host/plugins/testing -enable-bare-slash-regex -enable-experimental-feature DebugDescriptionMacro -sdk /Applications/Xcode.app/Contents/Developer/Platforms/MacOSX.platform/Developer/SDKs/MacOSX26.5.sdk -target arm64-apple-macos14.0 -g -module-cache-path /Users/huangzhe/Documents/GitHub/OrangeLen/build/DerivedData/ModuleCache.noindex -Xfrontend -serialize-debugging-options -enable-testing -index-store-path /Users/huangzhe/Documents/GitHub/OrangeLen/build/DerivedData/Index.noindex/DataStore -Xcc -D_LIBCPP_HARDENING_MODE\=_LIBCPP_HARDENING_MODE_DEBUG -swift-version 5 -I /Users/huangzhe/Documents/GitHub/OrangeLen/build/DerivedData/Build/Products/Debug -Isystem /Applications/Xcode.app/Contents/Developer/Platforms/MacOSX.platform/Developer/usr/lib -F /Users/huangzhe/Documents/GitHub/OrangeLen/build/DerivedData/Build/Products/Debug/PackageFrameworks -F /Users/huangzhe/Documents/GitHub/OrangeLen/build/DerivedData/Build/Products/Debug/PackageFrameworks -F /Users/huangzhe/Documents/GitHub/OrangeLen/build/DerivedData/Build/Products/Debug/PackageFrameworks -F /Users/huangzhe/Documents/GitHub/OrangeLen/build/DerivedData/Build/Products/Debug/PackageFrameworks -F /Users/huangzhe/Documents/GitHub/OrangeLen/build/DerivedData/Build/Products/Debug/PackageFrameworks -F /Users/huangzhe/Documents/GitHub/OrangeLen/build/DerivedData/Build/Products/Debug/PackageFrameworks -F /Users/huangzhe/Documents/GitHub/OrangeLen/build/DerivedData/Build/Products/Debug -F /Applications/Xcode.app/Contents/Developer/Platforms/MacOSX.platform/Developer/Library/Frameworks -parse-as-library -c -j11 -enable-batch-mode -incremental -Xcc -ivfsstatcache -Xcc /Users/huangzhe/Documents/GitHub/OrangeLen/build/DerivedData/SDKStatCaches.noindex/macosx26.5-25F70-e082c4a02f00227109f4ed75e425c832.sdkstatcache -output-file-map /Users/huangzhe/Documents/GitHub/OrangeLen/build/DerivedData/Build/Intermediates.noindex/OrangeLen.build/Debug/OrangeLenNativeTests.build/Objects-normal/arm64/OrangeLenNativeTests-OutputFileMap.json -use-frontend-parseable-output -save-temps -no-color-diagnostics -explicit-module-build -module-cache-path /Users/huangzhe/Documents/GitHub/OrangeLen/build/DerivedData/Build/Intermediates.noindex/SwiftExplicitPrecompiledModules -clang-scanner-module-cache-path /Users/huangzhe/Documents/GitHub/OrangeLen/build/DerivedData/ModuleCache.noindex -sdk-module-cache-path /Users/huangzhe/Documents/GitHub/OrangeLen/build/DerivedData/ModuleCache.noindex -serialize-diagnostics -emit-dependencies -emit-module -emit-module-path /Users/huangzhe/Documents/GitHub/OrangeLen/build/DerivedData/Build/Intermediates.noindex/OrangeLen.build/Debug/OrangeLenNativeTests.build/Objects-normal/arm64/OrangeLenNativeTests.swiftmodule -validate-clang-modules-once -clang-build-session-file /Users/huangzhe/Documents/GitHub/OrangeLen/build/DerivedData/ModuleCache.noindex/Session.modulevalidation -Xcc -I/Users/huangzhe/Documents/GitHub/OrangeLen/build/DerivedData/Build/Intermediates.noindex/OrangeLen.build/Debug/OrangeLenNativeTests.build/swift-overrides.hmap -emit-const-values -Xfrontend -const-gather-protocols-file -Xfrontend /Users/huangzhe/Documents/GitHub/OrangeLen/build/DerivedData/Build/Intermediates.noindex/OrangeLen.build/Debug/OrangeLenNativeTests.build/Objects-normal/arm64/OrangeLenNativeTests_const_extract_protocols.json -Xcc -iquote -Xcc /Users/huangzhe/Documents/GitHub/OrangeLen/build/DerivedData/Build/Intermediates.noindex/OrangeLen.build/Debug/OrangeLenNativeTests.build/OrangeLenNativeTests-generated-files.hmap -Xcc -I/Users/huangzhe/Documents/GitHub/OrangeLen/build/DerivedData/Build/Intermediates.noindex/OrangeLen.build/Debug/OrangeLenNativeTests.build/OrangeLenNativeTests-own-target-headers.hmap -Xcc -I/Users/huangzhe/Documents/GitHub/OrangeLen/build/DerivedData/Build/Intermediates.noindex/OrangeLen.build/Debug/OrangeLenNativeTests.build/OrangeLenNativeTests-all-non-framework-target-headers.hmap -Xcc -ivfsoverlay -Xcc /Users/huangzhe/Documents/GitHub/OrangeLen/build/DerivedData/Build/Intermediates.noindex/OrangeLen.build/Debug/OrangeLen-858e2ff2c7d6a1eb168211f71310dee6-VFS/all-product-headers.yaml -Xcc -iquote -Xcc /Users/huangzhe/Documents/GitHub/OrangeLen/build/DerivedData/Build/Intermediates.noindex/OrangeLen.build/Debug/OrangeLenNativeTests.build/OrangeLenNativeTests-project-headers.hmap -Xcc -I/Users/huangzhe/Documents/GitHub/OrangeLen/build/DerivedData/SourcePackages/checkouts/swift-cmark/src/include -Xcc -I/Users/huangzhe/Documents/GitHub/OrangeLen/build/DerivedData/SourcePackages/checkouts/swift-cmark/extensions/include -Xcc -I/Users/huangzhe/Documents/GitHub/OrangeLen/build/DerivedData/SourcePackages/checkouts/swift-markdown/Sources/CAtomic/include -Xcc -I/Users/huangzhe/Documents/GitHub/OrangeLen/build/DerivedData/Build/Products/Debug/include -Xcc -I/Users/huangzhe/Documents/GitHub/OrangeLen/build/DerivedData/Build/Intermediates.noindex/OrangeLen.build/Debug/OrangeLenNativeTests.build/DerivedSources-normal/arm64 -Xcc -I/Users/huangzhe/Documents/GitHub/OrangeLen/build/DerivedData/Build/Intermediates.noindex/OrangeLen.build/Debug/OrangeLenNativeTests.build/DerivedSources/arm64 -Xcc -I/Users/huangzhe/Documents/GitHub/OrangeLen/build/DerivedData/Build/Intermediates.noindex/OrangeLen.build/Debug/OrangeLenNativeTests.build/DerivedSources -Xcc -DDEBUG\=1 -emit-objc-header -emit-objc-header-path /Users/huangzhe/Documents/GitHub/OrangeLen/build/DerivedData/Build/Intermediates.noindex/OrangeLen.build/Debug/OrangeLenNativeTests.build/Objects-normal/arm64/OrangeLenNativeTests-Swift.h -working-directory /Users/huangzhe/Documents/GitHub/OrangeLen -experimental-emit-module-separately -disable-cmo

Copy /Users/huangzhe/Documents/GitHub/OrangeLen/build/DerivedData/Build/Products/Debug/OrangeLenNativeTests.swiftmodule/arm64-apple-macos.abi.json /Users/huangzhe/Documents/GitHub/OrangeLen/build/DerivedData/Build/Intermediates.noindex/OrangeLen.build/Debug/OrangeLenNativeTests.build/Objects-normal/arm64/OrangeLenNativeTests.abi.json (in target 'OrangeLenNativeTests' from project 'OrangeLen' at path '/Users/huangzhe/Documents/GitHub/OrangeLen/OrangeLen.xcodeproj')
    cd /Users/huangzhe/Documents/GitHub/OrangeLen
    builtin-copy -exclude .DS_Store -exclude CVS -exclude .svn -exclude .git -exclude .hg -resolve-src-symlinks -rename /Users/huangzhe/Documents/GitHub/OrangeLen/build/DerivedData/Build/Intermediates.noindex/OrangeLen.build/Debug/OrangeLenNativeTests.build/Objects-normal/arm64/OrangeLenNativeTests.abi.json /Users/huangzhe/Documents/GitHub/OrangeLen/build/DerivedData/Build/Products/Debug/OrangeLenNativeTests.swiftmodule/arm64-apple-macos.abi.json

SwiftDriverJobDiscovery normal arm64 Compiling SystemPreviewTests.swift (in target 'OrangeLenNativeTests' from project 'OrangeLen' at path '/Users/huangzhe/Documents/GitHub/OrangeLen/OrangeLen.xcodeproj')

SwiftDriver\ Compilation OrangeLenNativeTests normal arm64 com.apple.xcode.tools.swift.compiler (in target 'OrangeLenNativeTests' from project 'OrangeLen' at path '/Users/huangzhe/Documents/GitHub/OrangeLen/OrangeLen.xcodeproj')
    cd /Users/huangzhe/Documents/GitHub/OrangeLen
    builtin-Swift-Compilation -- /Applications/Xcode.app/Contents/Developer/Toolchains/XcodeDefault.xctoolchain/usr/bin/swiftc -module-name OrangeLenNativeTests -Onone @/Users/huangzhe/Documents/GitHub/OrangeLen/build/DerivedData/Build/Intermediates.noindex/OrangeLen.build/Debug/OrangeLenNativeTests.build/Objects-normal/arm64/OrangeLenNativeTests.SwiftFileList -DDEBUG -Xcc -fmodule-map-file\=/Users/huangzhe/Documents/GitHub/OrangeLen/Packages/OrangeLen/Sources/CZlib/module.modulemap -Xcc -fmodule-map-file\=/Users/huangzhe/Documents/GitHub/OrangeLen/Packages/OrangeLen/Sources/CSQLite/module.modulemap -plugin-path /Applications/Xcode.app/Contents/Developer/Toolchains/XcodeDefault.xctoolchain/usr/lib/swift/host/plugins/testing -enable-bare-slash-regex -enable-experimental-feature DebugDescriptionMacro -sdk /Applications/Xcode.app/Contents/Developer/Platforms/MacOSX.platform/Developer/SDKs/MacOSX26.5.sdk -target arm64-apple-macos14.0 -g -module-cache-path /Users/huangzhe/Documents/GitHub/OrangeLen/build/DerivedData/ModuleCache.noindex -Xfrontend -serialize-debugging-options -enable-testing -index-store-path /Users/huangzhe/Documents/GitHub/OrangeLen/build/DerivedData/Index.noindex/DataStore -Xcc -D_LIBCPP_HARDENING_MODE\=_LIBCPP_HARDENING_MODE_DEBUG -swift-version 5 -I /Users/huangzhe/Documents/GitHub/OrangeLen/build/DerivedData/Build/Products/Debug -Isystem /Applications/Xcode.app/Contents/Developer/Platforms/MacOSX.platform/Developer/usr/lib -F /Users/huangzhe/Documents/GitHub/OrangeLen/build/DerivedData/Build/Products/Debug/PackageFrameworks -F /Users/huangzhe/Documents/GitHub/OrangeLen/build/DerivedData/Build/Products/Debug/PackageFrameworks -F /Users/huangzhe/Documents/GitHub/OrangeLen/build/DerivedData/Build/Products/Debug/PackageFrameworks -F /Users/huangzhe/Documents/GitHub/OrangeLen/build/DerivedData/Build/Products/Debug/PackageFrameworks -F /Users/huangzhe/Documents/GitHub/OrangeLen/build/DerivedData/Build/Products/Debug/PackageFrameworks -F /Users/huangzhe/Documents/GitHub/OrangeLen/build/DerivedData/Build/Products/Debug/PackageFrameworks -F /Users/huangzhe/Documents/GitHub/OrangeLen/build/DerivedData/Build/Products/Debug -F /Applications/Xcode.app/Contents/Developer/Platforms/MacOSX.platform/Developer/Library/Frameworks -parse-as-library -c -j11 -enable-batch-mode -incremental -Xcc -ivfsstatcache -Xcc /Users/huangzhe/Documents/GitHub/OrangeLen/build/DerivedData/SDKStatCaches.noindex/macosx26.5-25F70-e082c4a02f00227109f4ed75e425c832.sdkstatcache -output-file-map /Users/huangzhe/Documents/GitHub/OrangeLen/build/DerivedData/Build/Intermediates.noindex/OrangeLen.build/Debug/OrangeLenNativeTests.build/Objects-normal/arm64/OrangeLenNativeTests-OutputFileMap.json -use-frontend-parseable-output -save-temps -no-color-diagnostics -explicit-module-build -module-cache-path /Users/huangzhe/Documents/GitHub/OrangeLen/build/DerivedData/Build/Intermediates.noindex/SwiftExplicitPrecompiledModules -clang-scanner-module-cache-path /Users/huangzhe/Documents/GitHub/OrangeLen/build/DerivedData/ModuleCache.noindex -sdk-module-cache-path /Users/huangzhe/Documents/GitHub/OrangeLen/build/DerivedData/ModuleCache.noindex -serialize-diagnostics -emit-dependencies -emit-module -emit-module-path /Users/huangzhe/Documents/GitHub/OrangeLen/build/DerivedData/Build/Intermediates.noindex/OrangeLen.build/Debug/OrangeLenNativeTests.build/Objects-normal/arm64/OrangeLenNativeTests.swiftmodule -validate-clang-modules-once -clang-build-session-file /Users/huangzhe/Documents/GitHub/OrangeLen/build/DerivedData/ModuleCache.noindex/Session.modulevalidation -Xcc -I/Users/huangzhe/Documents/GitHub/OrangeLen/build/DerivedData/Build/Intermediates.noindex/OrangeLen.build/Debug/OrangeLenNativeTests.build/swift-overrides.hmap -emit-const-values -Xfrontend -const-gather-protocols-file -Xfrontend /Users/huangzhe/Documents/GitHub/OrangeLen/build/DerivedData/Build/Intermediates.noindex/OrangeLen.build/Debug/OrangeLenNativeTests.build/Objects-normal/arm64/OrangeLenNativeTests_const_extract_protocols.json -Xcc -iquote -Xcc /Users/huangzhe/Documents/GitHub/OrangeLen/build/DerivedData/Build/Intermediates.noindex/OrangeLen.build/Debug/OrangeLenNativeTests.build/OrangeLenNativeTests-generated-files.hmap -Xcc -I/Users/huangzhe/Documents/GitHub/OrangeLen/build/DerivedData/Build/Intermediates.noindex/OrangeLen.build/Debug/OrangeLenNativeTests.build/OrangeLenNativeTests-own-target-headers.hmap -Xcc -I/Users/huangzhe/Documents/GitHub/OrangeLen/build/DerivedData/Build/Intermediates.noindex/OrangeLen.build/Debug/OrangeLenNativeTests.build/OrangeLenNativeTests-all-non-framework-target-headers.hmap -Xcc -ivfsoverlay -Xcc /Users/huangzhe/Documents/GitHub/OrangeLen/build/DerivedData/Build/Intermediates.noindex/OrangeLen.build/Debug/OrangeLen-858e2ff2c7d6a1eb168211f71310dee6-VFS/all-product-headers.yaml -Xcc -iquote -Xcc /Users/huangzhe/Documents/GitHub/OrangeLen/build/DerivedData/Build/Intermediates.noindex/OrangeLen.build/Debug/OrangeLenNativeTests.build/OrangeLenNativeTests-project-headers.hmap -Xcc -I/Users/huangzhe/Documents/GitHub/OrangeLen/build/DerivedData/SourcePackages/checkouts/swift-cmark/src/include -Xcc -I/Users/huangzhe/Documents/GitHub/OrangeLen/build/DerivedData/SourcePackages/checkouts/swift-cmark/extensions/include -Xcc -I/Users/huangzhe/Documents/GitHub/OrangeLen/build/DerivedData/SourcePackages/checkouts/swift-markdown/Sources/CAtomic/include -Xcc -I/Users/huangzhe/Documents/GitHub/OrangeLen/build/DerivedData/Build/Products/Debug/include -Xcc -I/Users/huangzhe/Documents/GitHub/OrangeLen/build/DerivedData/Build/Intermediates.noindex/OrangeLen.build/Debug/OrangeLenNativeTests.build/DerivedSources-normal/arm64 -Xcc -I/Users/huangzhe/Documents/GitHub/OrangeLen/build/DerivedData/Build/Intermediates.noindex/OrangeLen.build/Debug/OrangeLenNativeTests.build/DerivedSources/arm64 -Xcc -I/Users/huangzhe/Documents/GitHub/OrangeLen/build/DerivedData/Build/Intermediates.noindex/OrangeLen.build/Debug/OrangeLenNativeTests.build/DerivedSources -Xcc -DDEBUG\=1 -emit-objc-header -emit-objc-header-path /Users/huangzhe/Documents/GitHub/OrangeLen/build/DerivedData/Build/Intermediates.noindex/OrangeLen.build/Debug/OrangeLenNativeTests.build/Objects-normal/arm64/OrangeLenNativeTests-Swift.h -working-directory /Users/huangzhe/Documents/GitHub/OrangeLen -experimental-emit-module-separately -disable-cmo

Ld /Users/huangzhe/Documents/GitHub/OrangeLen/build/DerivedData/Build/Products/Debug/OrangeLenTestHost.app/Contents/PlugIns/OrangeLenNativeTests.xctest/Contents/MacOS/OrangeLenNativeTests normal (in target 'OrangeLenNativeTests' from project 'OrangeLen' at path '/Users/huangzhe/Documents/GitHub/OrangeLen/OrangeLen.xcodeproj')
    cd /Users/huangzhe/Documents/GitHub/OrangeLen
    /Applications/Xcode.app/Contents/Developer/Toolchains/XcodeDefault.xctoolchain/usr/bin/clang -Xlinker -reproducible -target arm64-apple-macos14.0 -bundle -isysroot /Applications/Xcode.app/Contents/Developer/Platforms/MacOSX.platform/Developer/SDKs/MacOSX26.5.sdk -O0 -L/Users/huangzhe/Documents/GitHub/OrangeLen/build/DerivedData/Build/Intermediates.noindex/EagerLinkingTBDs/Debug -L/Users/huangzhe/Documents/GitHub/OrangeLen/build/DerivedData/Build/Products/Debug -L/Applications/Xcode.app/Contents/Developer/Platforms/MacOSX.platform/Developer/usr/lib -F/Users/huangzhe/Documents/GitHub/OrangeLen/build/DerivedData/Build/Intermediates.noindex/EagerLinkingTBDs/Debug -F/Users/huangzhe/Documents/GitHub/OrangeLen/build/DerivedData/Build/Products/Debug/PackageFrameworks -F/Users/huangzhe/Documents/GitHub/OrangeLen/build/DerivedData/Build/Products/Debug/PackageFrameworks -F/Users/huangzhe/Documents/GitHub/OrangeLen/build/DerivedData/Build/Products/Debug/PackageFrameworks -F/Users/huangzhe/Documents/GitHub/OrangeLen/build/DerivedData/Build/Products/Debug/PackageFrameworks -F/Users/huangzhe/Documents/GitHub/OrangeLen/build/DerivedData/Build/Products/Debug/PackageFrameworks -F/Users/huangzhe/Documents/GitHub/OrangeLen/build/DerivedData/Build/Products/Debug/PackageFrameworks -F/Users/huangzhe/Documents/GitHub/OrangeLen/build/DerivedData/Build/Products/Debug -iframework /Applications/Xcode.app/Contents/Developer/Platforms/MacOSX.platform/Developer/Library/Frameworks -filelist /Users/huangzhe/Documents/GitHub/OrangeLen/build/DerivedData/Build/Intermediates.noindex/OrangeLen.build/Debug/OrangeLenNativeTests.build/Objects-normal/arm64/OrangeLenNativeTests.LinkFileList -Xlinker -rpath -Xlinker /usr/lib/swift -Xlinker -rpath -Xlinker /Users/huangzhe/Documents/GitHub/OrangeLen/build/DerivedData/Build/Products/Debug/PackageFrameworks -Xlinker -rpath -Xlinker @loader_path/../Frameworks -Xlinker -rpath -Xlinker @executable_path/../Frameworks -bundle_loader /Users/huangzhe/Documents/GitHub/OrangeLen/build/DerivedData/Build/Products/Debug/OrangeLenTestHost.app/Contents/MacOS/OrangeLenTestHost -Xlinker -object_path_lto -Xlinker /Users/huangzhe/Documents/GitHub/OrangeLen/build/DerivedData/Build/Intermediates.noindex/OrangeLen.build/Debug/OrangeLenNativeTests.build/Objects-normal/arm64/OrangeLenNativeTests_lto.o -rdynamic -Xlinker -no_deduplicate -Xlinker -dependency_info -Xlinker /Users/huangzhe/Documents/GitHub/OrangeLen/build/DerivedData/Build/Intermediates.noindex/OrangeLen.build/Debug/OrangeLenNativeTests.build/Objects-normal/arm64/OrangeLenNativeTests_dependency_info.dat -fobjc-link-runtime -L/Applications/Xcode.app/Contents/Developer/Toolchains/XcodeDefault.xctoolchain/usr/lib/swift/macosx -L/usr/lib/swift -Xlinker -add_ast_path -Xlinker /Users/huangzhe/Documents/GitHub/OrangeLen/build/DerivedData/Build/Intermediates.noindex/OrangeLen.build/Debug/OrangeLenNativeTests.build/Objects-normal/arm64/OrangeLenNativeTests.swiftmodule @/Users/huangzhe/Documents/GitHub/OrangeLen/build/DerivedData/Build/Intermediates.noindex/OrangeLen.build/Debug/OrangeLenNativeTests.build/Objects-normal/arm64/OrangeLenNativeTests-linker-args.resp -Wl,-no_warn_duplicate_libraries -Wl,-no_warn_duplicate_libraries -Wl,-no_warn_duplicate_libraries -Wl,-no_warn_duplicate_libraries -Wl,-no_warn_duplicate_libraries -Wl,-no_warn_duplicate_libraries -Xlinker -needed_framework -Xlinker XCTest -framework XCTest -Xlinker -needed-lXCTestSwiftSupport -lXCTestSwiftSupport -Xlinker -no_adhoc_codesign -o /Users/huangzhe/Documents/GitHub/OrangeLen/build/DerivedData/Build/Products/Debug/OrangeLenTestHost.app/Contents/PlugIns/OrangeLenNativeTests.xctest/Contents/MacOS/OrangeLenNativeTests -Xlinker -add_ast_path -Xlinker /Users/huangzhe/Documents/GitHub/OrangeLen/build/DerivedData/Build/Intermediates.noindex/OrangeLen.build/Debug/OrangeLenUI.build/Objects-normal/arm64/OrangeLenUI.swiftmodule @/Users/huangzhe/Documents/GitHub/OrangeLen/build/DerivedData/Build/Intermediates.noindex/OrangeLen.build/Debug/OrangeLenUI.build/Objects-normal/arm64/OrangeLenUI-linker-args.resp -Xlinker -add_ast_path -Xlinker /Users/huangzhe/Documents/GitHub/OrangeLen/build/DerivedData/Build/Intermediates.noindex/swift-markdown.build/Debug/Markdown.build/Objects-normal/arm64/Markdown.swiftmodule @/Users/huangzhe/Documents/GitHub/OrangeLen/build/DerivedData/Build/Intermediates.noindex/swift-markdown.build/Debug/Markdown.build/Objects-normal/arm64/Markdown-linker-args.resp -Xlinker -add_ast_path -Xlinker /Users/huangzhe/Documents/GitHub/OrangeLen/build/DerivedData/Build/Intermediates.noindex/OrangeLen.build/Debug/OrangeLenCore.build/Objects-normal/arm64/OrangeLenCore.swiftmodule @/Users/huangzhe/Documents/GitHub/OrangeLen/build/DerivedData/Build/Intermediates.noindex/OrangeLen.build/Debug/OrangeLenCore.build/Objects-normal/arm64/OrangeLenCore-linker-args.resp

CopySwiftLibs /Users/huangzhe/Documents/GitHub/OrangeLen/build/DerivedData/Build/Products/Debug/OrangeLenTestHost.app/Contents/PlugIns/OrangeLenNativeTests.xctest (in target 'OrangeLenNativeTests' from project 'OrangeLen' at path '/Users/huangzhe/Documents/GitHub/OrangeLen/OrangeLen.xcodeproj')
    cd /Users/huangzhe/Documents/GitHub/OrangeLen
    builtin-swiftStdLibTool --copy --verbose --sign - --scan-executable /Users/huangzhe/Documents/GitHub/OrangeLen/build/DerivedData/Build/Products/Debug/OrangeLenTestHost.app/Contents/PlugIns/OrangeLenNativeTests.xctest/Contents/MacOS/OrangeLenNativeTests --scan-folder /Users/huangzhe/Documents/GitHub/OrangeLen/build/DerivedData/Build/Products/Debug/OrangeLenTestHost.app/Contents/PlugIns/OrangeLenNativeTests.xctest/Contents/Frameworks --scan-folder /Users/huangzhe/Documents/GitHub/OrangeLen/build/DerivedData/Build/Products/Debug/OrangeLenTestHost.app/Contents/PlugIns/OrangeLenNativeTests.xctest/Contents/PlugIns --scan-folder /Users/huangzhe/Documents/GitHub/OrangeLen/build/DerivedData/Build/Products/Debug/OrangeLenTestHost.app/Contents/PlugIns/OrangeLenNativeTests.xctest/Contents/Library/SystemExtensions --scan-folder /Users/huangzhe/Documents/GitHub/OrangeLen/build/DerivedData/Build/Products/Debug/OrangeLenTestHost.app/Contents/PlugIns/OrangeLenNativeTests.xctest/Contents/Extensions --platform macosx --toolchain /Applications/Xcode.app/Contents/Developer/Toolchains/XcodeDefault.xctoolchain --destination /Users/huangzhe/Documents/GitHub/OrangeLen/build/DerivedData/Build/Products/Debug/OrangeLenTestHost.app/Contents/PlugIns/OrangeLenNativeTests.xctest/Contents/Frameworks --strip-bitcode --scan-executable /Applications/Xcode.app/Contents/Developer/Platforms/MacOSX.platform/Developer/usr/lib/libXCTestSwiftSupport.dylib --strip-bitcode-tool /Applications/Xcode.app/Contents/Developer/Toolchains/XcodeDefault.xctoolchain/usr/bin/bitcode_strip --emit-dependency-info /Users/huangzhe/Documents/GitHub/OrangeLen/build/DerivedData/Build/Intermediates.noindex/OrangeLen.build/Debug/OrangeLenNativeTests.build/SwiftStdLibToolInputDependencies.dep --filter-for-swift-os --back-deploy-swift-span

ExtractAppIntentsMetadata (in target 'OrangeLenNativeTests' from project 'OrangeLen' at path '/Users/huangzhe/Documents/GitHub/OrangeLen/OrangeLen.xcodeproj')
    cd /Users/huangzhe/Documents/GitHub/OrangeLen
    /Applications/Xcode.app/Contents/Developer/Toolchains/XcodeDefault.xctoolchain/usr/bin/appintentsmetadataprocessor --toolchain-dir /Applications/Xcode.app/Contents/Developer/Toolchains/XcodeDefault.xctoolchain --module-name OrangeLenNativeTests --sdk-root /Applications/Xcode.app/Contents/Developer/Platforms/MacOSX.platform/Developer/SDKs/MacOSX26.5.sdk --xcode-version 17F42 --platform-family macOS --deployment-target 14.0 --bundle-identifier local.OrangeLen.NativeTests --output /Users/huangzhe/Documents/GitHub/OrangeLen/build/DerivedData/Build/Products/Debug/OrangeLenTestHost.app/Contents/PlugIns/OrangeLenNativeTests.xctest/Contents/Resources --target-triple arm64-apple-macos14.0 --binary-file /Users/huangzhe/Documents/GitHub/OrangeLen/build/DerivedData/Build/Products/Debug/OrangeLenTestHost.app/Contents/PlugIns/OrangeLenNativeTests.xctest/Contents/MacOS/OrangeLenNativeTests --dependency-file /Users/huangzhe/Documents/GitHub/OrangeLen/build/DerivedData/Build/Intermediates.noindex/OrangeLen.build/Debug/OrangeLenNativeTests.build/Objects-normal/arm64/OrangeLenNativeTests_dependency_info.dat --stringsdata-file /Users/huangzhe/Documents/GitHub/OrangeLen/build/DerivedData/Build/Intermediates.noindex/OrangeLen.build/Debug/OrangeLenNativeTests.build/Objects-normal/arm64/ExtractedAppShortcutsMetadata.stringsdata --source-file-list /Users/huangzhe/Documents/GitHub/OrangeLen/build/DerivedData/Build/Intermediates.noindex/OrangeLen.build/Debug/OrangeLenNativeTests.build/Objects-normal/arm64/OrangeLenNativeTests.SwiftFileList --metadata-file-list /Users/huangzhe/Documents/GitHub/OrangeLen/build/DerivedData/Build/Intermediates.noindex/OrangeLen.build/Debug/OrangeLenNativeTests.build/OrangeLenNativeTests.DependencyMetadataFileList --static-metadata-file-list /Users/huangzhe/Documents/GitHub/OrangeLen/build/DerivedData/Build/Intermediates.noindex/OrangeLen.build/Debug/OrangeLenNativeTests.build/OrangeLenNativeTests.DependencyStaticMetadataFileList --swift-const-vals-list /Users/huangzhe/Documents/GitHub/OrangeLen/build/DerivedData/Build/Intermediates.noindex/OrangeLen.build/Debug/OrangeLenNativeTests.build/Objects-normal/arm64/OrangeLenNativeTests.SwiftConstValuesFileList --compile-time-extraction --deployment-aware-processing --validate-assistant-intents --no-app-shortcuts-localization
2026-10-08 12:21:31.385 appintentsmetadataprocessor[20131:23256353] Starting appintentsmetadataprocessor export
2026-10-08 12:21:31.390 appintentsmetadataprocessor[20131:23256353] warning: Metadata extraction skipped. No AppIntents.framework dependency found.

CodeSign /Users/huangzhe/Documents/GitHub/OrangeLen/build/DerivedData/Build/Products/Debug/OrangeLenTestHost.app/Contents/PlugIns/OrangeLenNativeTests.xctest (in target 'OrangeLenNativeTests' from project 'OrangeLen' at path '/Users/huangzhe/Documents/GitHub/OrangeLen/OrangeLen.xcodeproj')
    cd /Users/huangzhe/Documents/GitHub/OrangeLen
    
    Signing Identity:     "Sign to Run Locally"
    
    /usr/bin/codesign --force --sign - -o runtime --timestamp\=none --generate-entitlement-der /Users/huangzhe/Documents/GitHub/OrangeLen/build/DerivedData/Build/Products/Debug/OrangeLenTestHost.app/Contents/PlugIns/OrangeLenNativeTests.xctest

CodeSign /Users/huangzhe/Documents/GitHub/OrangeLen/build/DerivedData/Build/Products/Debug/OrangeLenTestHost.app (in target 'OrangeLenTestHost' from project 'OrangeLen' at path '/Users/huangzhe/Documents/GitHub/OrangeLen/OrangeLen.xcodeproj')
    cd /Users/huangzhe/Documents/GitHub/OrangeLen
    
    Signing Identity:     "Sign to Run Locally"
    
    /usr/bin/codesign --force --sign - --entitlements /Users/huangzhe/Documents/GitHub/OrangeLen/build/DerivedData/Build/Intermediates.noindex/OrangeLen.build/Debug/OrangeLenTestHost.build/OrangeLenTestHost.app.xcent --timestamp\=none --generate-entitlement-der /Users/huangzhe/Documents/GitHub/OrangeLen/build/DerivedData/Build/Products/Debug/OrangeLenTestHost.app
/Users/huangzhe/Documents/GitHub/OrangeLen/build/DerivedData/Build/Products/Debug/OrangeLenTestHost.app: replacing existing signature

Validate /Users/huangzhe/Documents/GitHub/OrangeLen/build/DerivedData/Build/Products/Debug/OrangeLenTestHost.app (in target 'OrangeLenTestHost' from project 'OrangeLen' at path '/Users/huangzhe/Documents/GitHub/OrangeLen/OrangeLen.xcodeproj')
    cd /Users/huangzhe/Documents/GitHub/OrangeLen
    builtin-validationUtility /Users/huangzhe/Documents/GitHub/OrangeLen/build/DerivedData/Build/Products/Debug/OrangeLenTestHost.app -no-validate-extension -infoplist-subpath Contents/Info.plist

RegisterWithLaunchServices /Users/huangzhe/Documents/GitHub/OrangeLen/build/DerivedData/Build/Products/Debug/OrangeLenTestHost.app (in target 'OrangeLenTestHost' from project 'OrangeLen' at path '/Users/huangzhe/Documents/GitHub/OrangeLen/OrangeLen.xcodeproj')
    cd /Users/huangzhe/Documents/GitHub/OrangeLen
    /System/Library/Frameworks/CoreServices.framework/Versions/Current/Frameworks/LaunchServices.framework/Versions/Current/Support/lsregister -f -R -trusted /Users/huangzhe/Documents/GitHub/OrangeLen/build/DerivedData/Build/Products/Debug/OrangeLenTestHost.app

note: Disabling hardened runtime with ad-hoc codesigning. (in target 'OrangeLenTestHost' from project 'OrangeLen' at path '/Users/huangzhe/Documents/GitHub/OrangeLen/OrangeLen.xcodeproj')
2026-10-08 12:21:32.220536+0800 OrangeLenTestHost[20137:23256561] [Connection] Unable to get synchronousRemoteObjectProxy, error: Error Domain=NSCocoaErrorDomain Code=4097 "connection to service named com.apple.linkd.autoShortcut" UserInfo={NSDebugDescription=connection to service named com.apple.linkd.autoShortcut}
2026-10-08 12:21:32.220753+0800 OrangeLenTestHost[20137:23256561] [Application] Error registering app with intents framework: Error Domain=NSCocoaErrorDomain Code=4097 "connection to service named com.apple.linkd.autoShortcut" UserInfo={NSDebugDescription=connection to service named com.apple.linkd.autoShortcut}
2026-10-08 12:21:32.220855+0800 OrangeLenTestHost[20137:23256556] [Connection] Unable to get synchronousRemoteObjectProxy, error: Error Domain=NSCocoaErrorDomain Code=4097 "connection to service named com.apple.linkd.autoShortcut" UserInfo={NSDebugDescription=connection to service named com.apple.linkd.autoShortcut}
2026-10-08 12:21:32.220870+0800 OrangeLenTestHost[20137:23256556] [Connection] Unable to re-register with Process Instance Registry, error: Error Domain=NSCocoaErrorDomain Code=4097 "connection to service named com.apple.linkd.autoShortcut" UserInfo={NSDebugDescription=connection to service named com.apple.linkd.autoShortcut}
2026-10-08 12:21:32.221182+0800 OrangeLenTestHost[20137:23256557] [Connection] Unable to get synchronousRemoteObjectProxy, error: Error Domain=NSCocoaErrorDomain Code=4097 "connection to service named com.apple.linkd.autoShortcut" UserInfo={NSDebugDescription=connection to service named com.apple.linkd.autoShortcut}
2026-10-08 12:21:32.221195+0800 OrangeLenTestHost[20137:23256557] [Connection] Unable to re-register with Process Instance Registry, error: Error Domain=NSCocoaErrorDomain Code=4097 "connection to service named com.apple.linkd.autoShortcut" UserInfo={NSDebugDescription=connection to service named com.apple.linkd.autoShortcut}
2026-10-08 12:21:32.221474+0800 OrangeLenTestHost[20137:23256561] [Connection] Unable to get synchronousRemoteObjectProxy, error: Error Domain=NSCocoaErrorDomain Code=4097 "connection to service named com.apple.linkd.autoShortcut" UserInfo={NSDebugDescription=connection to service named com.apple.linkd.autoShortcut}
2026-10-08 12:21:32.221783+0800 OrangeLenTestHost[20137:23256564] [Connection] Unable to get synchronousRemoteObjectProxy, error: Error Domain=NSCocoaErrorDomain Code=4097 "connection to service named com.apple.linkd.autoShortcut" UserInfo={NSDebugDescription=connection to service named com.apple.linkd.autoShortcut}
2026-10-08 12:21:32.221825+0800 OrangeLenTestHost[20137:23256561] [Connection] Unable to re-register with Process Instance Registry, error: Error Domain=NSCocoaErrorDomain Code=4097 "connection to service named com.apple.linkd.autoShortcut" UserInfo={NSDebugDescription=connection to service named com.apple.linkd.autoShortcut}
2026-10-08 12:21:32.221831+0800 OrangeLenTestHost[20137:23256564] [Connection] Unable to re-register with Process Instance Registry, error: Error Domain=NSCocoaErrorDomain Code=4097 "connection to service named com.apple.linkd.autoShortcut" UserInfo={NSDebugDescription=connection to service named com.apple.linkd.autoShortcut}
2026-10-08 12:21:32.222020+0800 OrangeLenTestHost[20137:23256557] [Connection] Will NOT re-try to establish the connection
2026-10-08 12:21:32.222317+0800 OrangeLenTestHost[20137:23256556] [Connection] Unable to get synchronousRemoteObjectProxy, error: Error Domain=NSCocoaErrorDomain Code=4097 "connection to service named com.apple.linkd.autoShortcut" UserInfo={NSDebugDescription=connection to service named com.apple.linkd.autoShortcut}
2026-10-08 12:21:32.222332+0800 OrangeLenTestHost[20137:23256556] [Connection] Unable to re-register with Process Instance Registry, error: Error Domain=NSCocoaErrorDomain Code=4097 "connection to service named com.apple.linkd.autoShortcut" UserInfo={NSDebugDescription=connection to service named com.apple.linkd.autoShortcut}
Test Suite 'All tests' started at 2026-10-08 12:21:32.314.
Test Suite 'OrangeLenNativeTests.xctest' started at 2026-10-08 12:21:32.315.
Test Suite 'SystemPreviewTests' started at 2026-10-08 12:21:32.315.
Test Case '-[OrangeLenNativeTests.SystemPreviewTests testFolderHandoffSwitchAndClose]' started.
2026-10-08 12:21:32.408421+0800 OrangeLenTestHost[20137:23256530] [Reader] closed / pending work cancelled
2026-10-08 12:21:32.598443+0800 OrangeLenTestHost[20137:23256556] [Reader] preview read_ms=2.077292 bytes=12
2026-10-08 12:21:32.608544+0800 OrangeLenTestHost[20137:23256530] [Reader] search event queryLength=0
2026-10-08 12:21:32.608984+0800 OrangeLenTestHost[20137:23256530] [Reader] loaded format=markdown bytes=12 folderChild=true
2026-10-08 12:21:32.608995+0800 OrangeLenTestHost[20137:23256530] [Reader] preview ready_ms=12.632042
2026-10-08 12:21:32.609110+0800 OrangeLenTestHost[20137:23256530] [Reader] preview highlight_ms=0.959625
2026-10-08 12:21:32.639896+0800 OrangeLenTestHost[20137:23256530] [Reader] closed / pending work cancelled
Test Case '-[OrangeLenNativeTests.SystemPreviewTests testFolderHandoffSwitchAndClose]' passed (0.331 seconds).
Test Case '-[OrangeLenNativeTests.SystemPreviewTests testOfficeContentAndImageFamilies]' started.
