Building for debugging...
[0/3] Write sources
[1/3] Write swift-version--58304C5D6DBC2206.txt
[3/7] Compiling OrangeLenUI FolderOverviewView.swift
[4/7] Compiling OrangeLenUI FolderController.swift
[5/7] Emitting module OrangeLenUI
[6/7] Compiling OrangeLenUI ReaderController.swift
[7/15] Compiling OrangeLenUI ReaderExcalidraw.swift
[8/15] Compiling OrangeLenUI ReaderRichContent.swift
[9/15] Compiling OrangeLenUI ReaderMemory.swift
[10/15] Compiling OrangeLenUI ReaderLocalImages.swift
[11/15] Compiling OrangeLenUI ReaderSystemPreview.swift
[12/15] Compiling OrangeLenUI ReaderSVG.swift
[13/15] Compiling OrangeLenUI CollectionController.swift
[14/15] Compiling OrangeLenUI ArchiveController.swift
[15/27] Compiling OrangeLenUITests SyntaxHighlighterTests.swift
[16/27] Compiling OrangeLenUITests SystemPreviewTests.swift
[17/27] Compiling OrangeLenUITests M2IntegrationTests.swift
[18/27] Compiling OrangeLenUITests RichContentTests.swift
[19/27] Emitting module OrangeLenUITests
[20/27] Compiling OrangeLenUITests FolderOverviewTests.swift
[21/27] Compiling OrangeLenUITests LayoutTests.swift
[22/27] Compiling OrangeLenUITests ExcalidrawTests.swift
[23/27] Compiling OrangeLenUITests BoundaryRegressionTests.swift
[24/27] Compiling OrangeLenUITests ImprovementIntegrationTests.swift
[25/27] Compiling OrangeLenUITests DeveloperFormatsIntegrationTests.swift
[25/27] Write Objects.LinkFileList
[26/27] Linking OrangeLenPackageTests
Build complete! (8.66s)
Test Suite 'Selected tests' started at 2026-10-08 15:45:06.849.
Test Suite 'OrangeLenPackageTests.xctest' started at 2026-10-08 15:45:06.850.
Test Suite 'FolderOverviewDataTests' started at 2026-10-08 15:45:06.850.
Test Case '-[OrangeLenCoreTests.FolderOverviewDataTests testCategoriesAndReadmeUseRealLocalFiles]' started.
Test Case '-[OrangeLenCoreTests.FolderOverviewDataTests testCategoriesAndReadmeUseRealLocalFiles]' passed (0.042 seconds).
Test Suite 'FolderOverviewDataTests' passed at 2026-10-08 15:45:06.893.
	 Executed 1 test, with 0 failures (0 unexpected) in 0.042 (0.043) seconds
Test Suite 'FolderOverviewTests' started at 2026-10-08 15:45:06.893.
Test Case '-[OrangeLenUITests.FolderOverviewTests testOverviewNavigationKeepsLiveSummaryOutOfFileContent]' started.
Test Case '-[OrangeLenUITests.FolderOverviewTests testOverviewNavigationKeepsLiveSummaryOutOfFileContent]' passed (0.652 seconds).
Test Suite 'FolderOverviewTests' passed at 2026-10-08 15:45:07.545.
	 Executed 1 test, with 0 failures (0 unexpected) in 0.652 (0.652) seconds
Test Suite 'LayoutTests' started at 2026-10-08 15:45:07.545.
Test Case '-[OrangeLenUITests.LayoutTests testCodeViewportWithRulerHasVisibleGlyphs]' started.
Test Case '-[OrangeLenUITests.LayoutTests testCodeViewportWithRulerHasVisibleGlyphs]' passed (0.394 seconds).
Test Case '-[OrangeLenUITests.LayoutTests testFileButtonKeepsSelectionAndActivatesOnce]' started.
Test Case '-[OrangeLenUITests.LayoutTests testFileButtonKeepsSelectionAndActivatesOnce]' passed (0.007 seconds).
Test Case '-[OrangeLenUITests.LayoutTests testFolderSummaryIgnoresCancelledGeneration]' started.
Test Case '-[OrangeLenUITests.LayoutTests testFolderSummaryIgnoresCancelledGeneration]' passed (0.013 seconds).
Test Case '-[OrangeLenUITests.LayoutTests testMarkdownCodeAndQuotesDoNotCollapseToSingleGlyphColumns]' started.
Test Case '-[OrangeLenUITests.LayoutTests testMarkdownCodeAndQuotesDoNotCollapseToSingleGlyphColumns]' passed (0.002 seconds).
Test Case '-[OrangeLenUITests.LayoutTests testMarkdownLocalImageBudgetAndAttachmentPreserveText]' started.
Test Case '-[OrangeLenUITests.LayoutTests testMarkdownLocalImageBudgetAndAttachmentPreserveText]' passed (0.005 seconds).
Test Case '-[OrangeLenUITests.LayoutTests testMarkdownTablesHaveRealCellGeometryAndSafeLinks]' started.
Test Case '-[OrangeLenUITests.LayoutTests testMarkdownTablesHaveRealCellGeometryAndSafeLinks]' passed (0.050 seconds).
Test Case '-[OrangeLenUITests.LayoutTests testPNGPreviewAndReturnToTextKeepFolderSummary]' started.
Test Case '-[OrangeLenUITests.LayoutTests testPNGPreviewAndReturnToTextKeepFolderSummary]' passed (0.073 seconds).
Test Case '-[OrangeLenUITests.LayoutTests testRealTextKitReflowsWithoutChangingSourceMapping]' started.
Test Case '-[OrangeLenUITests.LayoutTests testRealTextKitReflowsWithoutChangingSourceMapping]' passed (0.012 seconds).
Test Case '-[OrangeLenUITests.LayoutTests testSupersededPreparationCompletesExactlyOnceAndLatestWins]' started.
Test Case '-[OrangeLenUITests.LayoutTests testSupersededPreparationCompletesExactlyOnceAndLatestWins]' passed (0.060 seconds).
Test Case '-[OrangeLenUITests.LayoutTests testTwentyOneMiBPreviewsRecordWarmPreparation]' started.
Test Case '-[OrangeLenUITests.LayoutTests testTwentyOneMiBPreviewsRecordWarmPreparation]' passed (0.875 seconds).
Test Suite 'LayoutTests' passed at 2026-10-08 15:45:09.035.
	 Executed 10 tests, with 0 failures (0 unexpected) in 1.489 (1.490) seconds
Test Suite 'OrangeLenPackageTests.xctest' passed at 2026-10-08 15:45:09.035.
	 Executed 12 tests, with 0 failures (0 unexpected) in 2.184 (2.186) seconds
Test Suite 'Selected tests' passed at 2026-10-08 15:45:09.035.
	 Executed 12 tests, with 0 failures (0 unexpected) in 2.184 (2.186) seconds
VIEWPORT text=(0.0, 0.0, 998.0, 571.0) bounds=(0.0, 0.0, 998.0, 571.0) visible=(0.0, 0.0, 998.0, 571.0) glyphs=(74.0, 18.0, 845.0, 56.0) ruler=(0.0, 0.0, 52.0, 571.0)
BENCHMARK app-in-process, bytes=1048646, initialMs=129.71293926239014, warm20Ms=[59.51797962188721, 32.84001350402832, 32.97293186187744, 32.87708759307861, 33.79499912261963, 32.33206272125244, 33.05995464324951, 33.254027366638184, 33.37204456329346, 34.78503227233887, 34.497976303100586, 33.522963523864746, 33.0350399017334, 33.72204303741455, 33.421993255615234, 33.300042152404785, 34.103989601135254, 33.952951431274414, 33.236026763916016, 33.34200382232666], warmP95Ms=34.78503227233887, OS file cache not controlled; NOT Finder timing
◇ Test run started.
↳ Testing Library Version: 1902
↳ Target Platform: arm64e-apple-macos14.0
✔ Test run with 0 tests in 0 suites passed after 0.001 seconds.
